******************************************************************************
                  TI ARM Linker PC v20.2.7                     
******************************************************************************
>> Linked Wed Jul 17 09:02:36 2024

OUTPUT FILE NAME:   <PROGETTO.out>
ENTRY POINT SYMBOL: "_c_int00_noargs"  address: 000068c9


MEMORY CONFIGURATION

         name            origin    length      used     unused   attr    fill
----------------------  --------  ---------  --------  --------  ----  --------
  MAIN                  00000000   00040000  00007edc  00038124  R  X
  INFO                  00200000   00004000  00000000  00004000  R  X
  SRAM_CODE             01000000   00010000  00000a39  0000f5c7  RW X
  SRAM_DATA             20000000   00010000  00000a39  0000f5c7  RW  


SEGMENT ALLOCATION MAP

run origin  load origin   length   init length attrs members
----------  ----------- ---------- ----------- ----- -------
00000000    00000000    00007ee0   00007ee0    r-x
  00000000    00000000    000000e4   000000e4    r-- .intvecs
  000000e4    000000e4    00006f40   00006f40    r-x .text
  00007028    00007028    00000e00   00000e00    r-- .const
  00007e28    00007e28    000000b8   000000b8    r-- .cinit
20000000    20000000    00000839   00000000    rw-
  20000000    20000000    00000400   00000000    rw- .sysmem
  20000400    20000400    00000230   00000000    rw- .data
  20000630    20000630    00000209   00000000    rw- .bss
2000fe00    2000fe00    00000200   00000000    rw-
  2000fe00    2000fe00    00000200   00000000    rw- .stack


SECTION ALLOCATION MAP

 output                                  attributes/
section   page    origin      length       input sections
--------  ----  ----------  ----------   ----------------
.intvecs   0    00000000    000000e4     
                  00000000    000000e4     startup_msp432p401r_ccs.obj (.intvecs:retain)

.text      0    000000e4    00006f40     
                  000000e4    00000a4e     rtsv7M4_T_le_v4SPD16_eabi.lib : _printfi.c.obj (.text:__TI_printfi)
                  00000b32    00000002                                   : _lock.c.obj (.text:_nop)
                  00000b34    000009d0                                   : e_pow.c.obj (.text:pow)
                  00001504    00000680     Crystalfontz128x128_ST7735.obj (.text)
                  00001b84    00000624     main.obj (.text)
                  000021a8    0000047e     grlib.a : string.obj (.text:Graphics_drawString)
                  00002626    00000002     rtsv7M4_T_le_v4SPD16_eabi.lib : div0.asm.obj (.text)
                  00002628    00000408     HAL_TMP006.obj (.text)
                  00002a30    00000334     system_msp432p401r.obj (.text)
                  00002d64    00000270     rtsv7M4_T_le_v4SPD16_eabi.lib : _printfi.c.obj (.text:_pconv_a)
                  00002fd4    000001d0                                   : _printfi.c.obj (.text:_pconv_g)
                  000031a4    000001b6                                   : fd_add_t2.asm.obj (.text)
                  0000335a    00000002     --HOLE-- [fill = 0]
                  0000335c    00000180     BUZZER.obj (.text)
                  000034dc    00000160     msp432p4xx_driverlib.lib : adc14.o (.text:_getIndexForMemRegister)
                  0000363c    0000015c     TMP36.obj (.text)
                  00003798    0000015c     msp432p4xx_driverlib.lib : pcm.o (.text:__PCM_setPowerModeAdvanced)
                  000038f4    00000158     rtsv7M4_T_le_v4SPD16_eabi.lib : e_sqrt.c.obj (.text:sqrt)
                  00003a4c    00000144     msp432p4xx_driverlib.lib : timer_a.o (.text:privateTimer_AProcessClockSourceDivider)
                  00003b90    0000013c     HAL_OPT3001.obj (.text)
                  00003ccc    0000013c     rtsv7M4_T_le_v4SPD16_eabi.lib : _printfi.c.obj (.text:_pconv_e)
                  00003e08    00000136                                   : fd_div_t2.asm.obj (.text)
                  00003f3e    00000002     --HOLE-- [fill = 0]
                  00003f40    00000130     msp432p4xx_driverlib.lib : cs.o (.text:CS_initClockSignal)
                  00004070    00000124     rtsv7M4_T_le_v4SPD16_eabi.lib : _printfi.c.obj (.text:fcvt)
                  00004194    00000118     HAL_I2C.obj (.text)
                  000042ac    00000114     rtsv7M4_T_le_v4SPD16_eabi.lib : fputs.c.obj (.text:fputs)
                  000043c0    00000112     grlib.a : rectangle.obj (.text:Graphics_fillRectangle)
                  000044d2    00000002     --HOLE-- [fill = 0]
                  000044d4    00000110     rtsv7M4_T_le_v4SPD16_eabi.lib : s_scalbn.c.obj (.text:scalbn)
                  000045e4    00000108     msp432p4xx_driverlib.lib : pcm.o (.text:__PCM_setCoreVoltageLevelAdvanced)
                  000046ec    00000100     rtsv7M4_T_le_v4SPD16_eabi.lib : memory.c.obj (.text:aligned_alloc)
                  000047ec    000000fc                                   : fd_mul_t2.asm.obj (.text)
                  000048e8    000000fa     grlib.a : string.obj (.text:Graphics_getStringWidth)
                  000049e2    00000002     --HOLE-- [fill = 0]
                  000049e4    000000e4     rtsv7M4_T_le_v4SPD16_eabi.lib : memory.c.obj (.text:free)
                  00004ac8    000000dc                                   : setvbuf.c.obj (.text:setvbuf)
                  00004ba4    000000cc     HAL_MSP_EXP432P401R_Crystalfontz128x128_ST7735.obj (.text)
                  00004c70    000000bc     VENTOLA.obj (.text)
                  00004d2c    000000b4     msp432p4xx_driverlib.lib : adc14.o (.text:ADC14_configureConversionMemory)
                  00004de0    000000b1     rtsv7M4_T_le_v4SPD16_eabi.lib : _printfi.c.obj (.text:_ltostr)
                  00004e91    00000001     --HOLE-- [fill = 0]
                  00004e92    000000b0     msp432p4xx_driverlib.lib : spi.o (.text:SPI_initMaster)
                  00004f42    0000009c     grlib.a : line.obj (.text:Graphics_drawLineH)
                  00004fde    0000009c     rtsv7M4_T_le_v4SPD16_eabi.lib : memcpy_t2.asm.obj (.text)
                  0000507a    00000096                                   : ull_div_t2.asm.obj (.text)
                  00005110    0000008c                                   : fputc.c.obj (.text:fputc)
                  0000519c    00000088     msp432p4xx_driverlib.lib : gpio.o (.text:GPIO_setAsPeripheralModuleFunctionInputPin)
                  00005224    00000088                              : gpio.o (.text:GPIO_setAsPeripheralModuleFunctionOutputPin)
                  000052ac    00000086     rtsv7M4_T_le_v4SPD16_eabi.lib : fd_cmp_t2.asm.obj (.text:__aeabi_cdcmple)
                  00005332    00000086                                   : fd_cmp_t2.asm.obj (.text:__aeabi_cdrcmple)
                  000053b8    00000084     msp432p4xx_driverlib.lib : gpio.o (.text:GPIO_getEnabledInterruptStatus)
                  0000543c    00000080                              : interrupt.o (.text:Interrupt_enableInterrupt)
                  000054bc    0000007a     rtsv7M4_T_le_v4SPD16_eabi.lib : memset_t2.asm.obj (.text)
                  00005536    00000002     --HOLE-- [fill = 0]
                  00005538    00000074     msp432p4xx_driverlib.lib : timer_a.o (.text:Timer_A_generatePWM)
                  000055ac    00000074     rtsv7M4_T_le_v4SPD16_eabi.lib : fclose.c.obj (.text:__TI_closefile)
                  00005620    00000070                                   : memory.c.obj (.text:split)
                  00005690    0000006e                                   : _printfi.c.obj (.text:_mcpy)
                  000056fe    0000006e                                   : fd_tos_t2.asm.obj (.text)
                  0000576c    0000006c                                   : hostrename.c.obj (.text:HOSTrename)
                  000057d8    0000006c     msp432p4xx_driverlib.lib : i2c.o (.text:I2C_masterSendMultiByteFinish)
                  00005844    00000068     rtsv7M4_T_le_v4SPD16_eabi.lib : hostlseek.c.obj (.text:HOSTlseek)
                  000058ac    00000068     msp432p4xx_driverlib.lib : i2c.o (.text:I2C_masterSendMultiByteStart)
                  00005914    00000068                              : timer32.o (.text:Timer32_initModule)
                  0000597c    00000068                              : timer_a.o (.text:Timer_A_configureUpMode)
                  000059e4    00000068     rtsv7M4_T_le_v4SPD16_eabi.lib : copy_decompress_lzss.c.obj (.text:decompress:lzss:__TI_decompress_lzss)
                  00005a4c    00000068                                   : printf.c.obj (.text:printf)
                  00005ab4    00000064                                   : s_frexp.c.obj (.text:frexp)
                  00005b18    00000064                                   : fseek.c.obj (.text:fseek)
                  00005b7c    00000062     msp432p4xx_driverlib.lib : i2c.o (.text:I2C_initMaster)
                  00005bde    00000062     rtsv7M4_T_le_v4SPD16_eabi.lib : _io_perm.c.obj (.text:__TI_wrt_ok)
                  00005c40    00000060                                   : hostopen.c.obj (.text:HOSTopen)
                  00005ca0    0000005e     msp432p4xx_driverlib.lib : pcm.o (.text:PCM_getCoreVoltageLevel)
                  00005cfe    00000002     --HOLE-- [fill = 0]
                  00005d00    0000005c     rtsv7M4_T_le_v4SPD16_eabi.lib : close.c.obj (.text:close)
                  00005d5c    0000005a     msp432p4xx_driverlib.lib : pcm.o (.text:PCM_getPowerMode)
                  00005db6    00000002     --HOLE-- [fill = 0]
                  00005db8    00000058                              : adc14.o (.text:ADC14_configureSingleSampleMode)
                  00005e10    00000058                              : gpio.o (.text:GPIO_setAsInputPinWithPullUpResistor)
                  00005e68    00000058     rtsv7M4_T_le_v4SPD16_eabi.lib : hostread.c.obj (.text:HOSTread)
                  00005ec0    00000058                                   : hostwrite.c.obj (.text:HOSTwrite)
                  00005f18    00000056                                   : _printfi.c.obj (.text:_pconv_f)
                  00005f6e    00000002     --HOLE-- [fill = 0]
                  00005f70    00000054     msp432p4xx_driverlib.lib : adc14.o (.text:ADC14_initModule)
                  00005fc4    00000054     BUTTONS.obj (.text)
                  00006018    00000054     rtsv7M4_T_le_v4SPD16_eabi.lib : _ltoa.c.obj (.text:__TI_ltoa)
                  0000606c    00000052     grlib.a : context.obj (.text:Graphics_initContext)
                  000060be    00000052     rtsv7M4_T_le_v4SPD16_eabi.lib : _printfi.c.obj (.text:_ecpy)
                  00006110    0000004e     msp432p4xx_driverlib.lib : timer_a.o (.text:Timer_A_initCompare)
                  0000615e    0000004c     rtsv7M4_T_le_v4SPD16_eabi.lib : fflush.c.obj (.text:__TI_doflush)
                  000061aa    00000002     --HOLE-- [fill = 0]
                  000061ac    0000004c                                   : atoi.c.obj (.text:atoi)
                  000061f8    0000004c     lcd.obj (.text)
                  00006244    00000048     msp432p4xx_driverlib.lib : adc14.o (.text:ADC14_setSampleHoldTrigger)
                  0000628c    00000048                              : flash.o (.text:FlashCtl_setWaitState)
                  000062d4    00000048     grlib.a : string.obj (.text:Graphics_drawStringCentered)
                  0000631c    00000048     rtsv7M4_T_le_v4SPD16_eabi.lib : exit.c.obj (.text:exit)
                  00006364    00000048                                   : fd_toi_t2.asm.obj (.text)
                  000063ac    00000044                                   : hostclose.c.obj (.text:HOSTclose)
                  000063f0    00000044                                   : hostunlink.c.obj (.text:HOSTunlink)
                  00006434    00000044                                   : autoinit.c.obj (.text:__TI_auto_init_nobinit_nopinit:__TI_auto_init_nobinit_nopinit)
                  00006478    00000044                                   : getdevice.c.obj (.text:getdevice)
                  000064bc    00000040     msp432p4xx_driverlib.lib : gpio.o (.text:GPIO_setAsOutputPin)
                  000064fc    00000040     grlib.a : string.obj (.text:Graphics_getNumberOfLeadingZeros)
                  0000653c    00000040     msp432p4xx_driverlib.lib : i2c.o (.text:I2C_masterReceiveMultiByteFinish)
                  0000657c    00000040                              : spi.o (.text:is_A_Module)
                  000065bc    00000040     rtsv7M4_T_le_v4SPD16_eabi.lib : sprintf.c.obj (.text:sprintf)
                  000065fc    0000003e                                   : _printfi.c.obj (.text:_fcpy)
                  0000663a    00000002     --HOLE-- [fill = 0]
                  0000663c    0000003c     msp432p4xx_driverlib.lib : gpio.o (.text:GPIO_interruptEdgeSelect)
                  00006678    00000038                              : i2c.o (.text:I2C_masterSendMultiByteStop)
                  000066b0    00000038                              : timer32.o (.text:Timer32_startTimer)
                  000066e8    00000038     rtsv7M4_T_le_v4SPD16_eabi.lib : trgmsg.c.obj (.text:__TI_writemsg)
                  00006720    00000038                                   : fs_tod_t2.asm.obj (.text)
                  00006758    00000036     grlib.a : display.obj (.text:Graphics_drawHorizontalLineOnDisplay)
                  0000678e    00000036     rtsv7M4_T_le_v4SPD16_eabi.lib : strncpy.c.obj (.text:strncpy)
                  000067c4    00000034     msp432p4xx_driverlib.lib : cs.o (.text:CS_setDCOCenteredFrequency)
                  000067f8    00000034                              : i2c.o (.text:I2C_masterSendMultiByteNext)
                  0000682c    00000034                              : timer32.o (.text:Timer32_setCount)
                  00006860    00000034     rtsv7M4_T_le_v4SPD16_eabi.lib : fopen.c.obj (.text:__TI_cleanup)
                  00006894    00000034                                   : trgmsg.c.obj (.text:__TI_readmsg)
                  000068c8    00000034                                   : boot_cortex_m.c.obj (.text:_c_int00_noargs:_c_int00_noargs)
                  000068fc    00000030     msp432p4xx_driverlib.lib : adc14.o (.text:ADC14_enableInterrupt)
                  0000692c    00000030     rtsv7M4_T_le_v4SPD16_eabi.lib : getdevice.c.obj (.text:finddevice)
                  0000695c    00000030     led.obj (.text)
                  0000698c    0000002e     rtsv7M4_T_le_v4SPD16_eabi.lib : i_tofd_t2.asm.obj (.text)
                  000069ba    00000002     --HOLE-- [fill = 0]
                  000069bc    0000002c     msp432p4xx_driverlib.lib : adc14.o (.text:ADC14_getInterruptStatus)
                  000069e8    0000002c                              : adc14.o (.text:ADC14_toggleConversionTrigger)
                  00006a14    0000002c     grlib.a : display.obj (.text:Graphics_drawPixelOnDisplay)
                  00006a40    0000002c     rtsv7M4_T_le_v4SPD16_eabi.lib : unlink.c.obj (.text:unlink)
                  00006a6c    00000028     msp432p4xx_driverlib.lib : adc14.o (.text:ADC14_enableConversion)
                  00006a94    00000028                              : adc14.o (.text:ADC14_getResult)
                  00006abc    00000028                              : gpio.o (.text:GPIO_clearInterruptFlag)
                  00006ae4    00000028                              : gpio.o (.text:GPIO_enableInterrupt)
                  00006b0c    00000028                              : gpio.o (.text:GPIO_setOutputHighOnPin)
                  00006b34    00000028                              : gpio.o (.text:GPIO_setOutputLowOnPin)
                  00006b5c    00000028                              : gpio.o (.text:GPIO_toggleOutputOnPin)
                  00006b84    00000028     rtsv7M4_T_le_v4SPD16_eabi.lib : memory.c.obj (.text:free_list_insert)
                  00006bac    00000028                                   : lseek.c.obj (.text:lseek)
                  00006bd4    00000028                                   : write.c.obj (.text:write)
                  00006bfc    00000024     msp432p4xx_driverlib.lib : gpio.o (.text:GPIO_getInterruptStatus)
                  00006c20    00000024                              : wdt_a.o (.text:WDT_A_holdTimer)
                  00006c44    00000020     rtsv7M4_T_le_v4SPD16_eabi.lib : memchr.c.obj (.text:memchr)
                  00006c64    0000001e     grlib.a : display.obj (.text:Graphics_fillRectangleOnDisplay)
                  00006c82    0000001c     msp432p4xx_driverlib.lib : i2c.o (.text:I2C_setMode)
                  00006c9e    0000001c                              : spi.o (.text:SPI_enableModule)
                  00006cba    0000001c     rtsv7M4_T_le_v4SPD16_eabi.lib : copy_zero_init.c.obj (.text:decompress:ZI:__TI_zero_init_nomemset:__TI_zero_init_nomemset)
                  00006cd6    00000002     --HOLE-- [fill = 0]
                  00006cd8    0000001c                                   : memory.c.obj (.text:free_list_remove)
                  00006cf4    0000001c                                   : memccpy.c.obj (.text:memccpy)
                  00006d10    0000001a     grlib.a : display.obj (.text:Graphics_clearDisplayOnDisplay)
                  00006d2a    0000001a             : context.obj (.text:Graphics_setBackgroundColor)
                  00006d44    0000001a             : context.obj (.text:Graphics_setFont)
                  00006d5e    0000001a     msp432p4xx_driverlib.lib : i2c.o (.text:I2C_masterReceiveStart)
                  00006d78    0000001a     rtsv7M4_T_le_v4SPD16_eabi.lib : s_copysign.c.obj (.text:copysign)
                  00006d92    00000018     msp432p4xx_driverlib.lib : i2c.o (.text:I2C_getInterruptStatus)
                  00006daa    00000002     --HOLE-- [fill = 0]
                  00006dac    00000018                              : i2c.o (.text:I2C_isBusBusy)
                  00006dc4    00000018     rtsv7M4_T_le_v4SPD16_eabi.lib : sprintf.c.obj (.text:_outs)
                  00006ddc    00000018                                   : strcmp.c.obj (.text:strcmp)
                  00006df4    00000016     msp432p4xx_driverlib.lib : spi.o (.text:EUSCI_A_SPI_enable)
                  00006e0a    00000016                              : spi.o (.text:EUSCI_B_SPI_enable)
                  00006e20    00000016     grlib.a : context.obj (.text:Graphics_setForegroundColor)
                  00006e36    00000016             : display.obj (.text:Graphics_translateColorOnDisplay)
                  00006e4c    00000016     msp432p4xx_driverlib.lib : i2c.o (.text:I2C_clearInterruptFlag)
                  00006e62    00000016                              : i2c.o (.text:I2C_disableModule)
                  00006e78    00000016                              : i2c.o (.text:I2C_enableModule)
                  00006e8e    00000016                              : timer_a.o (.text:Timer_A_startCounter)
                  00006ea4    00000016     rtsv7M4_T_le_v4SPD16_eabi.lib : strchr.c.obj (.text:strchr)
                  00006eba    00000014     msp432p4xx_driverlib.lib : i2c.o (.text:I2C_masterReceiveMultiByteNext)
                  00006ece    00000014                              : i2c.o (.text:I2C_setSlaveAddress)
                  00006ee2    00000002     --HOLE-- [fill = 0]
                  00006ee4    00000014                              : pcm.o (.text:PCM_getPowerState)
                  00006ef8    00000014                              : timer32.o (.text:Timer32_haltTimer)
                  00006f0c    00000014     rtsv7M4_T_le_v4SPD16_eabi.lib : strcpy.c.obj (.text:strcpy)
                  00006f20    00000014                                   : strlen.c.obj (.text:strlen)
                  00006f34    00000012     grlib.a : context.obj (.text:Graphics_clearDisplay)
                  00006f46    00000012     rtsv7M4_T_le_v4SPD16_eabi.lib : wcslen.c.obj (.text:wcslen)
                  00006f58    00000010     msp432p4xx_driverlib.lib : adc14.o (.text:ADCIsConversionRunning)
                  00006f68    00000010                              : interrupt.o (.text:Interrupt_disableMaster)
                  00006f78    00000010                              : interrupt.o (.text:Interrupt_enableMaster)
                  00006f88    00000010                              : pcm.o (.text:PCM_setCoreVoltageLevel)
                  00006f98    00000010                              : pcm.o (.text:PCM_setPowerMode)
                  00006fa8    0000000e                              : timer32.o (.text:Timer32_getValue)
                  00006fb6    0000000e     rtsv7M4_T_le_v4SPD16_eabi.lib : copy_decompress_none.c.obj (.text:decompress:none:__TI_decompress_none)
                  00006fc4    0000000e     startup_msp432p401r_ccs.obj (.text)
                  00006fd2    00000002     --HOLE-- [fill = 0]
                  00006fd4    0000000c     msp432p4xx_driverlib.lib : adc14.o (.text:ADC14_enableModule)
                  00006fe0    0000000c                              : cpu.o (.text:CPU_cpsid)
                  00006fec    0000000c                              : cpu.o (.text:CPU_cpsie)
                  00006ff8    0000000a     rtsv7M4_T_le_v4SPD16_eabi.lib : sprintf.c.obj (.text:_outc)
                  00007002    00000002     --HOLE-- [fill = 0]
                  00007004    00000008                                   : errno.c.obj (.text:__aeabi_errno_addr)
                  0000700c    00000008                                   : memory.c.obj (.text:malloc)
                  00007014    00000004                                   : printf.c.obj (.text:_outc)
                  00007018    00000004                                   : printf.c.obj (.text:_outs)
                  0000701c    00000004                                   : pre_init.c.obj (.text:_system_pre_init)
                  00007020    00000004                                   : exit.c.obj (.text:abort:abort)

.const     0    00007028    00000e00     
                  00007028    00000538     BUZZER.obj (.const:$P$T0$1)
                  00007560    000002f8     grlib.a : fontfixed6x8.obj (.const:.string:g_pucFontFixed6x8Data)
                  00007858    0000029c     BUZZER.obj (.const:$P$T1$2)
                  00007af4    00000101     rtsv7M4_T_le_v4SPD16_eabi.lib : ctype.c.obj (.const:.string:_ctypes_)
                  00007bf5    00000003     --HOLE-- [fill = 0]
                  00007bf8    000000c8     grlib.a : fontfixed6x8.obj (.const:g_sFontFixed6x8)
                  00007cc0    00000080     msp432p4xx_driverlib.lib : adc14.o (.const:_ctlRegs)
                  00007d40    00000030     rtsv7M4_T_le_v4SPD16_eabi.lib : e_pow.c.obj (.const:$O1$$)
                  00007d70    00000030     msp432p4xx_driverlib.lib : gpio.o (.const:GPIO_PORT_TO_BASE)
                  00007da0    00000020     Crystalfontz128x128_ST7735.obj (.const:g_sCrystalfontz128x128_funcs)
                  00007dc0    0000001c     HAL_MSP_EXP432P401R_Crystalfontz128x128_ST7735.obj (.const:$P$T0$1)
                  00007ddc    00000018     BUZZER.obj (.const:upConfig)
                  00007df4    00000014     HAL_I2C.obj (.const:i2cConfig)
                  00007e08    00000008     Crystalfontz128x128_ST7735.obj (.const:$P$T0$1)
                  00007e10    00000008     main.obj (.const:$P$T0$1)
                  00007e18    00000008     main.obj (.const:$P$T1$2)
                  00007e20    00000008     msp432p4xx_driverlib.lib : interrupt.o (.const:g_pulEnRegs)

.cinit     0    00007e28    000000b8     
                  00007e28    0000008e     (.cinit..data.load) [load image, compression = lzss]
                  00007eb6    00000002     --HOLE-- [fill = 0]
                  00007eb8    0000000c     (__TI_handler_table)
                  00007ec4    00000004     --HOLE-- [fill = 0]
                  00007ec8    00000008     (.cinit..bss.load) [load image, compression = zero_init]
                  00007ed0    00000010     (__TI_cinit_table)

.init_array 
*          0    00000000    00000000     UNINITIALIZED

.binit     0    00000000    00000000     

.sysmem    0    20000000    00000400     UNINITIALIZED
                  20000000    00000010     rtsv7M4_T_le_v4SPD16_eabi.lib : memory.c.obj (.sysmem)
                  20000010    000003f0     --HOLE--

.data      0    20000400    00000230     UNINITIALIZED
                  20000400    000000f0     rtsv7M4_T_le_v4SPD16_eabi.lib : defs.c.obj (.data:_ftable)
                  200004f0    00000078                                   : host_device.c.obj (.data:_device)
                  20000568    00000050                                   : host_device.c.obj (.data:_stream)
                  200005b8    00000018     TMP36.obj (.data:pwmConfig)
                  200005d0    00000010     BUZZER.obj (.data:compareConfig_PWM)
                  200005e0    00000010     Crystalfontz128x128_ST7735.obj (.data:g_sCrystalfontz128x128)
                  200005f0    00000010     rtsv7M4_T_le_v4SPD16_eabi.lib : defs.c.obj (.data)
                  20000600    0000000c                                   : exit.c.obj (.data:$O1$$)
                  2000060c    00000008                                   : _lock.c.obj (.data:$O1$$)
                  20000614    00000008                                   : memory.c.obj (.data:$O1$$)
                  2000061c    00000004     BUZZER.obj (.data)
                  20000620    00000008     HAL_TMP006.obj (.data)
                  20000628    00000004     rtsv7M4_T_le_v4SPD16_eabi.lib : errno.c.obj (.data)
                  2000062c    00000004     system_msp432p401r.obj (.data)

.bss       0    20000630    00000209     UNINITIALIZED
                  20000630    00000120     rtsv7M4_T_le_v4SPD16_eabi.lib : trgmsg.c.obj (.bss:_CIOBUF_)
                  20000750    000000a0     (.common:__TI_tmpnams)
                  200007f0    0000001c     (.common:g_sContext)
                  2000080c    00000008     (.common:parmbuf)
                  20000814    00000004     (.common:jumpCounter)
                  20000818    00000004     (.common:lux)
                  2000081c    00000004     (.common:stateB1)
                  20000820    00000004     (.common:stateB2)
                  20000824    00000004     (.common:tempAmbiente)
                  20000828    00000004     (.common:tempParete)
                  2000082c    00000002     (.common:Lcd_ScreenHeigth)
                  2000082e    00000002     (.common:Lcd_ScreenWidth)
                  20000830    00000002     (.common:Lcd_TouchTrim)
                  20000832    00000001     (.common:Lcd_FlagRead)
                  20000833    00000001     (.common:Lcd_FontSolid)
                  20000834    00000001     (.common:Lcd_Orientation)
                  20000835    00000001     (.common:Lcd_PenSolid)
                  20000836    00000001     (.common:buzzerON)
                  20000837    00000001     (.common:fanON)
                  20000838    00000001     (.common:lightON)

.stack     0    2000fe00    00000200     UNINITIALIZED
                  2000fe00    00000004     rtsv7M4_T_le_v4SPD16_eabi.lib : boot_cortex_m.c.obj (.stack)
                  2000fe04    000001fc     --HOLE--

__llvm_prf_cnts 
*          0    20000000    00000000     UNINITIALIZED

MODULE SUMMARY

       Module                                               code    ro data   rw data
       ------                                               ----    -------   -------
    .\
       BUZZER.obj                                           384     2028      40     
       main.obj                                             1572    16        54     
       HAL_TMP006.obj                                       1032    0         16     
       system_msp432p401r.obj                               820     0         8      
       TMP36.obj                                            348     0         48     
       HAL_OPT3001.obj                                      316     0         0      
       HAL_I2C.obj                                          280     20        0      
       startup_msp432p401r_ccs.obj                          14      228       0      
       VENTOLA.obj                                          188     0         0      
       lcd.obj                                              76      0         56     
       BUTTONS.obj                                          84      0         0      
       led.obj                                              48      0         0      
    +--+----------------------------------------------------+-------+---------+---------+
       Total:                                               5162    2292      222    
                                                                                     
    .\LcdDriver\
       Crystalfontz128x128_ST7735.obj                       1664    40        52     
       HAL_MSP_EXP432P401R_Crystalfontz128x128_ST7735.obj   204     28        0      
    +--+----------------------------------------------------+-------+---------+---------+
       Total:                                               1868    68        52     
                                                                                     
    C:/ti/simplelink_msp432p4_sdk_3_40_01_02/source/ti/devices/msp432p4xx/driverlib/ccs/msp432p4xx_driverlib.lib
       adc14.o                                              1020    128       0      
       gpio.o                                               852     48        0      
       pcm.o                                                848     0         0      
       i2c.o                                                690     0         0      
       timer_a.o                                            644     0         0      
       cs.o                                                 356     0         0      
       spi.o                                                312     0         0      
       timer32.o                                            246     0         0      
       interrupt.o                                          160     8         0      
       flash.o                                              72      0         0      
       wdt_a.o                                              36      0         0      
       cpu.o                                                24      0         0      
    +--+----------------------------------------------------+-------+---------+---------+
       Total:                                               5260    184       0      
                                                                                     
    C:/ti/simplelink_msp432p4_sdk_3_40_01_02/source/ti/grlib/lib/ccs/m4/grlib.a
       string.obj                                           1536    0         0      
       fontfixed6x8.obj                                     0       960       0      
       rectangle.obj                                        274     0         0      
       display.obj                                          176     0         0      
       context.obj                                          174     0         0      
       line.obj                                             156     0         0      
    +--+----------------------------------------------------+-------+---------+---------+
       Total:                                               2316    960       0      
                                                                                     
    C:\ti\ccs1271\ccs\tools\compiler\ti-cgt-arm_20.2.7.LTS\lib\rtsv7M4_T_le_v4SPD16_eabi.lib
       _printfi.c.obj                                       4851    0         0      
       e_pow.c.obj                                          2512    48        0      
       defs.c.obj                                           0       0         832    
       memory.c.obj                                         672     0         16     
       trgmsg.c.obj                                         108     0         576    
       fd_add_t2.asm.obj                                    438     0         0      
       host_device.c.obj                                    0       0         400    
       e_sqrt.c.obj                                         344     0         0      
       fd_div_t2.asm.obj                                    310     0         0      
       fputs.c.obj                                          276     0         0      
       s_scalbn.c.obj                                       272     0         0      
       fd_cmp_t2.asm.obj                                    268     0         0      
       ctype.c.obj                                          0       257       0      
       fd_mul_t2.asm.obj                                    252     0         0      
       setvbuf.c.obj                                        220     0         0      
       memcpy_t2.asm.obj                                    156     0         0      
       ull_div_t2.asm.obj                                   150     0         0      
       fputc.c.obj                                          140     0         0      
       memset_t2.asm.obj                                    122     0         0      
       fclose.c.obj                                         116     0         0      
       getdevice.c.obj                                      116     0         0      
       hostopen.c.obj                                       96      0         16     
       printf.c.obj                                         112     0         0      
       fd_tos_t2.asm.obj                                    110     0         0      
       hostrename.c.obj                                     108     0         0      
       copy_decompress_lzss.c.obj                           104     0         0      
       hostlseek.c.obj                                      104     0         0      
       exit.c.obj                                           76      0         24     
       fseek.c.obj                                          100     0         0      
       s_frexp.c.obj                                        100     0         0      
       _io_perm.c.obj                                       98      0         0      
       sprintf.c.obj                                        98      0         0      
       close.c.obj                                          92      0         0      
       hostread.c.obj                                       88      0         0      
       hostwrite.c.obj                                      88      0         0      
       _ltoa.c.obj                                          84      0         0      
       atoi.c.obj                                           76      0         0      
       fflush.c.obj                                         76      0         0      
       fd_toi_t2.asm.obj                                    72      0         0      
       autoinit.c.obj                                       68      0         0      
       hostclose.c.obj                                      68      0         0      
       hostunlink.c.obj                                     68      0         0      
       fs_tod_t2.asm.obj                                    56      0         0      
       strncpy.c.obj                                        54      0         0      
       boot_cortex_m.c.obj                                  52      0         0      
       fopen.c.obj                                          52      0         0      
       i_tofd_t2.asm.obj                                    46      0         0      
       unlink.c.obj                                         44      0         0      
       lseek.c.obj                                          40      0         0      
       write.c.obj                                          40      0         0      
       memchr.c.obj                                         32      0         0      
       copy_zero_init.c.obj                                 28      0         0      
       memccpy.c.obj                                        28      0         0      
       s_copysign.c.obj                                     26      0         0      
       strcmp.c.obj                                         24      0         0      
       strchr.c.obj                                         22      0         0      
       strcpy.c.obj                                         20      0         0      
       strlen.c.obj                                         20      0         0      
       _lock.c.obj                                          2       0         16     
       wcslen.c.obj                                         18      0         0      
       errno.c.obj                                          8       0         8      
       copy_decompress_none.c.obj                           14      0         0      
       pre_init.c.obj                                       4       0         0      
       div0.asm.obj                                         2       0         0      
    +--+----------------------------------------------------+-------+---------+---------+
       Total:                                               13841   305       1888   
                                                                                     
       Heap:                                                0       0         2048   
       Stack:                                               0       0         1024   
       Linker Generated:                                    0       178       0      
    +--+----------------------------------------------------+-------+---------+---------+
       Grand Total:                                         28447   3987      5234   


LINKER GENERATED COPY TABLES

__TI_cinit_table @ 00007ed0 records: 2, size/record: 8, table size: 16
	.data: load addr=00007e28, load size=0000008e bytes, run addr=20000400, run size=00000230 bytes, compression=lzss
	.bss: load addr=00007ec8, load size=00000008 bytes, run addr=20000630, run size=00000209 bytes, compression=zero_init


LINKER GENERATED HANDLER TABLE

__TI_handler_table @ 00007eb8 records: 3, size/record: 4, table size: 12
	index: 0, handler: __TI_decompress_lzss
	index: 1, handler: __TI_decompress_none
	index: 2, handler: __TI_zero_init


GLOBAL SYMBOLS: SORTED ALPHABETICALLY BY Name 

address   name                                       
-------   ----                                       
00006fd1  ADC14_IRQHandler                           
00004d2d  ADC14_configureConversionMemory            
00005db9  ADC14_configureSingleSampleMode            
00006a6d  ADC14_enableConversion                     
000068fd  ADC14_enableInterrupt                      
00006fd5  ADC14_enableModule                         
000069bd  ADC14_getInterruptStatus                   
00006a95  ADC14_getResult                            
00005f71  ADC14_initModule                           
00006245  ADC14_setSampleHoldTrigger                 
000069e9  ADC14_toggleConversionTrigger              
00006fd1  AES256_IRQHandler                          
00006fd1  BusFault_Handler                           
00007021  C$$EXIT                                    
00006717  C$$IO$$                                    
00006fd1  COMP_E0_IRQHandler                         
00006fd1  COMP_E1_IRQHandler                         
00006fe1  CPU_cpsid                                  
00006fed  CPU_cpsie                                  
00006fd1  CS_IRQHandler                              
00003f41  CS_initClockSignal                         
000067c5  CS_setDCOCenteredFrequency                 
00001505  Crystalfontz128x128_Init                   
00001619  Crystalfontz128x128_SetDrawFrame           
00001747  Crystalfontz128x128_SetOrientation         
00006fd1  DMA_ERR_IRQHandler                         
00006fd1  DMA_INT0_IRQHandler                        
00006fd1  DMA_INT1_IRQHandler                        
00006fd1  DMA_INT2_IRQHandler                        
00006fd1  DMA_INT3_IRQHandler                        
00006fd1  DebugMon_Handler                           
00006fd1  Default_Handler                            
00006fd1  EUSCIA0_IRQHandler                         
00006fd1  EUSCIA1_IRQHandler                         
00006fd1  EUSCIA2_IRQHandler                         
00006fd1  EUSCIA3_IRQHandler                         
00006fd1  EUSCIB0_IRQHandler                         
00006fd1  EUSCIB1_IRQHandler                         
00006fd1  EUSCIB2_IRQHandler                         
00006fd1  EUSCIB3_IRQHandler                         
00006df5  EUSCI_A_SPI_enable                         
00006e0b  EUSCI_B_SPI_enable                         
00006fd1  FLCTL_IRQHandler                           
00006fd1  FPU_IRQHandler                             
0000628d  FlashCtl_setWaitState                      
00006abd  GPIO_clearInterruptFlag                    
00006ae5  GPIO_enableInterrupt                       
000053b9  GPIO_getEnabledInterruptStatus             
00006bfd  GPIO_getInterruptStatus                    
0000663d  GPIO_interruptEdgeSelect                   
00005e11  GPIO_setAsInputPinWithPullUpResistor       
000064bd  GPIO_setAsOutputPin                        
0000519d  GPIO_setAsPeripheralModuleFunctionInputPin 
00005225  GPIO_setAsPeripheralModuleFunctionOutputPin
00006b0d  GPIO_setOutputHighOnPin                    
00006b35  GPIO_setOutputLowOnPin                     
00006b5d  GPIO_toggleOutputOnPin                     
00006f35  Graphics_clearDisplay                      
00006d11  Graphics_clearDisplayOnDisplay             
00006759  Graphics_drawHorizontalLineOnDisplay       
00004f43  Graphics_drawLineH                         
00006a15  Graphics_drawPixelOnDisplay                
000021a9  Graphics_drawString                        
000062d5  Graphics_drawStringCentered                
000043c1  Graphics_fillRectangle                     
00006c65  Graphics_fillRectangleOnDisplay            
000048e9  Graphics_getStringWidth                    
0000606d  Graphics_initContext                       
00006d2b  Graphics_setBackgroundColor                
00006d45  Graphics_setFont                           
00006e21  Graphics_setForegroundColor                
00006e37  Graphics_translateColorOnDisplay           
00004ba5  HAL_LCD_PortInit                           
00004bd5  HAL_LCD_SpiInit                            
00004c0b  HAL_LCD_writeCommand                       
00004c3b  HAL_LCD_writeData                          
000063ad  HOSTclose                                  
00005845  HOSTlseek                                  
00005c41  HOSTopen                                   
00005e69  HOSTread                                   
0000576d  HOSTrename                                 
000063f1  HOSTunlink                                 
00005ec1  HOSTwrite                                  
00006fd1  HardFault_Handler                          
00006e4d  I2C_clearInterruptFlag                     
00006e63  I2C_disableModule                          
00006e79  I2C_enableModule                           
00006d93  I2C_getInterruptStatus                     
000041ad  I2C_init                                   
00005b7d  I2C_initMaster                             
00006dad  I2C_isBusBusy                              
0000653d  I2C_masterReceiveMultiByteFinish           
00006ebb  I2C_masterReceiveMultiByteNext             
00006d5f  I2C_masterReceiveStart                     
000057d9  I2C_masterSendMultiByteFinish              
000067f9  I2C_masterSendMultiByteNext                
000058ad  I2C_masterSendMultiByteStart               
00006679  I2C_masterSendMultiByteStop                
000041c5  I2C_read16                                 
00006c83  I2C_setMode                                
00006ecf  I2C_setSlaveAddress                        
0000428f  I2C_setslave                               
0000424b  I2C_write16                                
00004195  Init_I2C_GPIO                              
00006f69  Interrupt_disableMaster                    
0000543d  Interrupt_enableInterrupt                  
00006f79  Interrupt_enableMaster                     
0000695d  LED_init                                   
00006975  LED_off                                    
00006969  LED_on                                     
00006981  LED_toggle                                 
20000832  Lcd_FlagRead                               
20000833  Lcd_FontSolid                              
20000834  Lcd_Orientation                            
20000835  Lcd_PenSolid                               
2000082c  Lcd_ScreenHeigth                           
2000082e  Lcd_ScreenWidth                            
20000830  Lcd_TouchTrim                              
00006fd1  MemManage_Handler                          
00006fd1  NMI_Handler                                
00003bf5  OPT3001_getLux                             
00003b91  OPT3001_init                               
00003bc5  OPT3001_readConfigReg                      
00003bb5  OPT3001_readDeviceId                       
00003be5  OPT3001_readHighLimitReg                   
00003bd5  OPT3001_readLowLimitReg                    
00003ba5  OPT3001_readManufacturerId                 
00006fd1  PCM_IRQHandler                             
00005ca1  PCM_getCoreVoltageLevel                    
00005d5d  PCM_getPowerMode                           
00006ee5  PCM_getPowerState                          
00006f89  PCM_setCoreVoltageLevel                    
00006f99  PCM_setPowerMode                           
00006fd1  PORT1_IRQHandler                           
00006fd1  PORT2_IRQHandler                           
000020cf  PORT3_IRQHandler                           
000020cf  PORT3_IRQHandler                           
00006fd1  PORT4_IRQHandler                           
00002099  PORT5_IRQHandler                           
00002099  PORT5_IRQHandler                           
00006fd1  PORT6_IRQHandler                           
00006fd1  PSS_IRQHandler                             
00006fd1  PendSV_Handler                             
00006fd1  RTC_C_IRQHandler                           
00006fc5  Reset_Handler                              
00006c9f  SPI_enableModule                           
00004e93  SPI_initMaster                             
00006fd1  SVC_Handler                                
00006fd1  SysTick_Handler                            
2000062c  SystemCoreClock                            
00002a31  SystemCoreClockUpdate                      
00002ca9  SystemInit                                 
00006fd1  T32_INT1_IRQHandler                        
00006fd1  T32_INT2_IRQHandler                        
00006fd1  T32_INTC_IRQHandler                        
00006fd1  TA0_0_IRQHandler                           
00006fd1  TA0_N_IRQHandler                           
00006fd1  TA1_0_IRQHandler                           
00006fd1  TA1_N_IRQHandler                           
00006fd1  TA2_0_IRQHandler                           
00006fd1  TA2_N_IRQHandler                           
00006fd1  TA3_0_IRQHandler                           
00006fd1  TA3_N_IRQHandler                           
0000268f  TMP006_getTemp                             
00002629  TMP006_init                                
0000267f  TMP006_readAmbientTemperature              
0000265f  TMP006_readDeviceId                        
0000266f  TMP006_readObjectVoltage                   
0000371f  TMP36_getTemp                              
00006fa9  Timer32_getValue                           
00006ef9  Timer32_haltTimer                          
00005915  Timer32_initModule                         
0000682d  Timer32_setCount                           
000066b1  Timer32_startTimer                         
0000597d  Timer_A_configureUpMode                    
00005539  Timer_A_generatePWM                        
00006111  Timer_A_initCompare                        
00006e8f  Timer_A_startCounter                       
00006fd1  UsageFault_Handler                         
4000480c  WDTCTL_SYM                                 
00006fd1  WDT_A_IRQHandler                           
00006c21  WDT_A_holdTimer                            
20000630  __CIOBUF_                                  
20010000  __STACK_END                                
00000200  __STACK_SIZE                               
00000400  __SYSMEM_SIZE                              
00007ed0  __TI_CINIT_Base                            
00007ee0  __TI_CINIT_Limit                           
00007eb8  __TI_Handler_Table_Base                    
00007ec4  __TI_Handler_Table_Limit                   
00006435  __TI_auto_init_nobinit_nopinit             
00006861  __TI_cleanup                               
20000600  __TI_cleanup_ptr                           
000055ad  __TI_closefile                             
000059e5  __TI_decompress_lzss                       
00006fb7  __TI_decompress_none                       
0000615f  __TI_doflush                               
20000604  __TI_dtors_ptr                             
20000608  __TI_enable_exit_profile_output            
200005f0  __TI_ft_end                                
00006019  __TI_ltoa                                  
ffffffff  __TI_pprof_out_hndl                        
000000e5  __TI_printfi                               
ffffffff  __TI_prof_data_size                        
ffffffff  __TI_prof_data_start                       
00006895  __TI_readmsg                               
00000000  __TI_static_base__                         
20000750  __TI_tmpnams                               
000066e9  __TI_writemsg                              
00005bdf  __TI_wrt_ok                                
00006cbb  __TI_zero_init_nomemset                    
000052ad  __aeabi_cdcmpeq                            
000052ad  __aeabi_cdcmple                            
00005333  __aeabi_cdrcmple                           
000056ff  __aeabi_d2f                                
00006365  __aeabi_d2iz                               
000031af  __aeabi_dadd                               
00003e09  __aeabi_ddiv                               
000047ed  __aeabi_dmul                               
000031a5  __aeabi_dsub                               
00007005  __aeabi_errno_addr                         
00006721  __aeabi_f2d                                
0000698d  __aeabi_i2d                                
00002627  __aeabi_idiv0                              
00002627  __aeabi_ldiv0                              
000054bd  __aeabi_memclr                             
000054bd  __aeabi_memclr4                            
000054bd  __aeabi_memclr8                            
00004fdf  __aeabi_memcpy                             
00004fdf  __aeabi_memcpy4                            
00004fdf  __aeabi_memcpy8                            
000054bf  __aeabi_memset                             
000054bf  __aeabi_memset4                            
000054bf  __aeabi_memset8                            
200005fc  __aeabi_stderr                             
200005f4  __aeabi_stdin                              
200005f8  __aeabi_stdout                             
0000507b  __aeabi_uldivmod                           
ffffffff  __binit__                                  
ffffffff  __c_args__                                 
UNDEFED   __mpu_init                                 
2000fe00  __stack                                    
20000000  __start___llvm_prf_cnts                    
20000000  __stop___llvm_prf_cnts                     
0000335d  _buzzerInit                                
000068c9  _c_int00_noargs                            
00007af4  _ctypes_                                   
200004f0  _device                                    
20000400  _ftable                                    
00001f85  _hwInit                                    
00001f39  _lightSensorInit                           
2000060c  _lock                                      
00000b33  _nop                                       
20000568  _stream                                    
20000000  _sys_memory                                
UNDEFED   _system_post_cinit                         
0000701d  _system_pre_init                           
00001f59  _temperatureSensorInit                     
20000610  _unlock                                    
00007021  abort                                      
000046ed  aligned_alloc                              
000061ad  atoi                                       
ffffffff  binit                                      
20000836  buzzerON                                   
00005d01  close                                      
200005d0  compareConfig_PWM                          
00005fc5  configureButtons                           
00002075  controlBuzzer                              
00002061  controlLight                               
0000204d  controlTemp                                
00006d79  copysign                                   
00006d79  copysignl                                  
00003389  delay_ms                                   
20000628  errno                                      
0000631d  exit                                       
20000837  fanON                                      
0000692d  finddevice                                 
00005111  fputc                                      
000042ad  fputs                                      
000049e5  free                                       
00005ab5  frexp                                      
00005ab5  frexpl                                     
00005b19  fseek                                      
200007f0  g_sContext                                 
200005e0  g_sCrystalfontz128x128                     
00007da0  g_sCrystalfontz128x128_funcs               
00007bf8  g_sFontFixed6x8                            
000036ab  getAverageADC                              
00006479  getdevice                                  
000061f9  graphicsInit                               
00007df4  i2cConfig                                  
0000363d  initADC                                    
0000370d  initTempSensor                             
00004cad  initVentola                                
00000000  interruptVectors                           
20000814  jumpCounter                                
000044d5  ldexp                                      
000044d5  ldexpl                                     
20000838  lightON                                    
00006bad  lseek                                      
20000818  lux                                        
00001b85  main                                       
0000700d  malloc                                     
000046ed  memalign                                   
00006cf5  memccpy                                    
00006c45  memchr                                     
00004fdf  memcpy                                     
000054c5  memset                                     
2000080c  parmbuf                                    
000033ff  playSong                                   
000033c5  playTone                                   
00000b35  pow                                        
00000b35  powl                                       
00001ffd  printSensorValues                          
00005a4d  printf                                     
00005111  putc                                       
200005b8  pwmConfig                                  
00003687  readADC                                    
00006a41  remove                                     
000044d5  scalbn                                     
000044d5  scalbnl                                    
00004c71  setup                                      
00004ac9  setvbuf                                    
000065bd  sprintf                                    
000038f5  sqrt                                       
000038f5  sqrtl                                      
00004ce3  startVentola                               
2000081c  stateB1                                    
20000820  stateB2                                    
00004d03  stopVentola                                
00006ea5  strchr                                     
00006ddd  strcmp                                     
00006f0d  strcpy                                     
00006f21  strlen                                     
0000678f  strncpy                                    
20000824  tempAmbiente                               
20000828  tempParete                                 
2000061c  tempo                                      
00006a41  unlink                                     
00007ddc  upConfig                                   
00006f47  wcslen                                     
00006bd5  write                                      


GLOBAL SYMBOLS: SORTED BY Symbol Address 

address   name                                       
-------   ----                                       
00000000  __TI_static_base__                         
00000000  interruptVectors                           
000000e5  __TI_printfi                               
00000200  __STACK_SIZE                               
00000400  __SYSMEM_SIZE                              
00000b33  _nop                                       
00000b35  pow                                        
00000b35  powl                                       
00001505  Crystalfontz128x128_Init                   
00001619  Crystalfontz128x128_SetDrawFrame           
00001747  Crystalfontz128x128_SetOrientation         
00001b85  main                                       
00001f39  _lightSensorInit                           
00001f59  _temperatureSensorInit                     
00001f85  _hwInit                                    
00001ffd  printSensorValues                          
0000204d  controlTemp                                
00002061  controlLight                               
00002075  controlBuzzer                              
00002099  PORT5_IRQHandler                           
00002099  PORT5_IRQHandler                           
000020cf  PORT3_IRQHandler                           
000020cf  PORT3_IRQHandler                           
000021a9  Graphics_drawString                        
00002627  __aeabi_idiv0                              
00002627  __aeabi_ldiv0                              
00002629  TMP006_init                                
0000265f  TMP006_readDeviceId                        
0000266f  TMP006_readObjectVoltage                   
0000267f  TMP006_readAmbientTemperature              
0000268f  TMP006_getTemp                             
00002a31  SystemCoreClockUpdate                      
00002ca9  SystemInit                                 
000031a5  __aeabi_dsub                               
000031af  __aeabi_dadd                               
0000335d  _buzzerInit                                
00003389  delay_ms                                   
000033c5  playTone                                   
000033ff  playSong                                   
0000363d  initADC                                    
00003687  readADC                                    
000036ab  getAverageADC                              
0000370d  initTempSensor                             
0000371f  TMP36_getTemp                              
000038f5  sqrt                                       
000038f5  sqrtl                                      
00003b91  OPT3001_init                               
00003ba5  OPT3001_readManufacturerId                 
00003bb5  OPT3001_readDeviceId                       
00003bc5  OPT3001_readConfigReg                      
00003bd5  OPT3001_readLowLimitReg                    
00003be5  OPT3001_readHighLimitReg                   
00003bf5  OPT3001_getLux                             
00003e09  __aeabi_ddiv                               
00003f41  CS_initClockSignal                         
00004195  Init_I2C_GPIO                              
000041ad  I2C_init                                   
000041c5  I2C_read16                                 
0000424b  I2C_write16                                
0000428f  I2C_setslave                               
000042ad  fputs                                      
000043c1  Graphics_fillRectangle                     
000044d5  ldexp                                      
000044d5  ldexpl                                     
000044d5  scalbn                                     
000044d5  scalbnl                                    
000046ed  aligned_alloc                              
000046ed  memalign                                   
000047ed  __aeabi_dmul                               
000048e9  Graphics_getStringWidth                    
000049e5  free                                       
00004ac9  setvbuf                                    
00004ba5  HAL_LCD_PortInit                           
00004bd5  HAL_LCD_SpiInit                            
00004c0b  HAL_LCD_writeCommand                       
00004c3b  HAL_LCD_writeData                          
00004c71  setup                                      
00004cad  initVentola                                
00004ce3  startVentola                               
00004d03  stopVentola                                
00004d2d  ADC14_configureConversionMemory            
00004e93  SPI_initMaster                             
00004f43  Graphics_drawLineH                         
00004fdf  __aeabi_memcpy                             
00004fdf  __aeabi_memcpy4                            
00004fdf  __aeabi_memcpy8                            
00004fdf  memcpy                                     
0000507b  __aeabi_uldivmod                           
00005111  fputc                                      
00005111  putc                                       
0000519d  GPIO_setAsPeripheralModuleFunctionInputPin 
00005225  GPIO_setAsPeripheralModuleFunctionOutputPin
000052ad  __aeabi_cdcmpeq                            
000052ad  __aeabi_cdcmple                            
00005333  __aeabi_cdrcmple                           
000053b9  GPIO_getEnabledInterruptStatus             
0000543d  Interrupt_enableInterrupt                  
000054bd  __aeabi_memclr                             
000054bd  __aeabi_memclr4                            
000054bd  __aeabi_memclr8                            
000054bf  __aeabi_memset                             
000054bf  __aeabi_memset4                            
000054bf  __aeabi_memset8                            
000054c5  memset                                     
00005539  Timer_A_generatePWM                        
000055ad  __TI_closefile                             
000056ff  __aeabi_d2f                                
0000576d  HOSTrename                                 
000057d9  I2C_masterSendMultiByteFinish              
00005845  HOSTlseek                                  
000058ad  I2C_masterSendMultiByteStart               
00005915  Timer32_initModule                         
0000597d  Timer_A_configureUpMode                    
000059e5  __TI_decompress_lzss                       
00005a4d  printf                                     
00005ab5  frexp                                      
00005ab5  frexpl                                     
00005b19  fseek                                      
00005b7d  I2C_initMaster                             
00005bdf  __TI_wrt_ok                                
00005c41  HOSTopen                                   
00005ca1  PCM_getCoreVoltageLevel                    
00005d01  close                                      
00005d5d  PCM_getPowerMode                           
00005db9  ADC14_configureSingleSampleMode            
00005e11  GPIO_setAsInputPinWithPullUpResistor       
00005e69  HOSTread                                   
00005ec1  HOSTwrite                                  
00005f71  ADC14_initModule                           
00005fc5  configureButtons                           
00006019  __TI_ltoa                                  
0000606d  Graphics_initContext                       
00006111  Timer_A_initCompare                        
0000615f  __TI_doflush                               
000061ad  atoi                                       
000061f9  graphicsInit                               
00006245  ADC14_setSampleHoldTrigger                 
0000628d  FlashCtl_setWaitState                      
000062d5  Graphics_drawStringCentered                
0000631d  exit                                       
00006365  __aeabi_d2iz                               
000063ad  HOSTclose                                  
000063f1  HOSTunlink                                 
00006435  __TI_auto_init_nobinit_nopinit             
00006479  getdevice                                  
000064bd  GPIO_setAsOutputPin                        
0000653d  I2C_masterReceiveMultiByteFinish           
000065bd  sprintf                                    
0000663d  GPIO_interruptEdgeSelect                   
00006679  I2C_masterSendMultiByteStop                
000066b1  Timer32_startTimer                         
000066e9  __TI_writemsg                              
00006717  C$$IO$$                                    
00006721  __aeabi_f2d                                
00006759  Graphics_drawHorizontalLineOnDisplay       
0000678f  strncpy                                    
000067c5  CS_setDCOCenteredFrequency                 
000067f9  I2C_masterSendMultiByteNext                
0000682d  Timer32_setCount                           
00006861  __TI_cleanup                               
00006895  __TI_readmsg                               
000068c9  _c_int00_noargs                            
000068fd  ADC14_enableInterrupt                      
0000692d  finddevice                                 
0000695d  LED_init                                   
00006969  LED_on                                     
00006975  LED_off                                    
00006981  LED_toggle                                 
0000698d  __aeabi_i2d                                
000069bd  ADC14_getInterruptStatus                   
000069e9  ADC14_toggleConversionTrigger              
00006a15  Graphics_drawPixelOnDisplay                
00006a41  remove                                     
00006a41  unlink                                     
00006a6d  ADC14_enableConversion                     
00006a95  ADC14_getResult                            
00006abd  GPIO_clearInterruptFlag                    
00006ae5  GPIO_enableInterrupt                       
00006b0d  GPIO_setOutputHighOnPin                    
00006b35  GPIO_setOutputLowOnPin                     
00006b5d  GPIO_toggleOutputOnPin                     
00006bad  lseek                                      
00006bd5  write                                      
00006bfd  GPIO_getInterruptStatus                    
00006c21  WDT_A_holdTimer                            
00006c45  memchr                                     
00006c65  Graphics_fillRectangleOnDisplay            
00006c83  I2C_setMode                                
00006c9f  SPI_enableModule                           
00006cbb  __TI_zero_init_nomemset                    
00006cf5  memccpy                                    
00006d11  Graphics_clearDisplayOnDisplay             
00006d2b  Graphics_setBackgroundColor                
00006d45  Graphics_setFont                           
00006d5f  I2C_masterReceiveStart                     
00006d79  copysign                                   
00006d79  copysignl                                  
00006d93  I2C_getInterruptStatus                     
00006dad  I2C_isBusBusy                              
00006ddd  strcmp                                     
00006df5  EUSCI_A_SPI_enable                         
00006e0b  EUSCI_B_SPI_enable                         
00006e21  Graphics_setForegroundColor                
00006e37  Graphics_translateColorOnDisplay           
00006e4d  I2C_clearInterruptFlag                     
00006e63  I2C_disableModule                          
00006e79  I2C_enableModule                           
00006e8f  Timer_A_startCounter                       
00006ea5  strchr                                     
00006ebb  I2C_masterReceiveMultiByteNext             
00006ecf  I2C_setSlaveAddress                        
00006ee5  PCM_getPowerState                          
00006ef9  Timer32_haltTimer                          
00006f0d  strcpy                                     
00006f21  strlen                                     
00006f35  Graphics_clearDisplay                      
00006f47  wcslen                                     
00006f69  Interrupt_disableMaster                    
00006f79  Interrupt_enableMaster                     
00006f89  PCM_setCoreVoltageLevel                    
00006f99  PCM_setPowerMode                           
00006fa9  Timer32_getValue                           
00006fb7  __TI_decompress_none                       
00006fc5  Reset_Handler                              
00006fd1  ADC14_IRQHandler                           
00006fd1  AES256_IRQHandler                          
00006fd1  BusFault_Handler                           
00006fd1  COMP_E0_IRQHandler                         
00006fd1  COMP_E1_IRQHandler                         
00006fd1  CS_IRQHandler                              
00006fd1  DMA_ERR_IRQHandler                         
00006fd1  DMA_INT0_IRQHandler                        
00006fd1  DMA_INT1_IRQHandler                        
00006fd1  DMA_INT2_IRQHandler                        
00006fd1  DMA_INT3_IRQHandler                        
00006fd1  DebugMon_Handler                           
00006fd1  Default_Handler                            
00006fd1  EUSCIA0_IRQHandler                         
00006fd1  EUSCIA1_IRQHandler                         
00006fd1  EUSCIA2_IRQHandler                         
00006fd1  EUSCIA3_IRQHandler                         
00006fd1  EUSCIB0_IRQHandler                         
00006fd1  EUSCIB1_IRQHandler                         
00006fd1  EUSCIB2_IRQHandler                         
00006fd1  EUSCIB3_IRQHandler                         
00006fd1  FLCTL_IRQHandler                           
00006fd1  FPU_IRQHandler                             
00006fd1  HardFault_Handler                          
00006fd1  MemManage_Handler                          
00006fd1  NMI_Handler                                
00006fd1  PCM_IRQHandler                             
00006fd1  PORT1_IRQHandler                           
00006fd1  PORT2_IRQHandler                           
00006fd1  PORT4_IRQHandler                           
00006fd1  PORT6_IRQHandler                           
00006fd1  PSS_IRQHandler                             
00006fd1  PendSV_Handler                             
00006fd1  RTC_C_IRQHandler                           
00006fd1  SVC_Handler                                
00006fd1  SysTick_Handler                            
00006fd1  T32_INT1_IRQHandler                        
00006fd1  T32_INT2_IRQHandler                        
00006fd1  T32_INTC_IRQHandler                        
00006fd1  TA0_0_IRQHandler                           
00006fd1  TA0_N_IRQHandler                           
00006fd1  TA1_0_IRQHandler                           
00006fd1  TA1_N_IRQHandler                           
00006fd1  TA2_0_IRQHandler                           
00006fd1  TA2_N_IRQHandler                           
00006fd1  TA3_0_IRQHandler                           
00006fd1  TA3_N_IRQHandler                           
00006fd1  UsageFault_Handler                         
00006fd1  WDT_A_IRQHandler                           
00006fd5  ADC14_enableModule                         
00006fe1  CPU_cpsid                                  
00006fed  CPU_cpsie                                  
00007005  __aeabi_errno_addr                         
0000700d  malloc                                     
0000701d  _system_pre_init                           
00007021  C$$EXIT                                    
00007021  abort                                      
00007af4  _ctypes_                                   
00007bf8  g_sFontFixed6x8                            
00007da0  g_sCrystalfontz128x128_funcs               
00007ddc  upConfig                                   
00007df4  i2cConfig                                  
00007eb8  __TI_Handler_Table_Base                    
00007ec4  __TI_Handler_Table_Limit                   
00007ed0  __TI_CINIT_Base                            
00007ee0  __TI_CINIT_Limit                           
20000000  __start___llvm_prf_cnts                    
20000000  __stop___llvm_prf_cnts                     
20000000  _sys_memory                                
20000400  _ftable                                    
200004f0  _device                                    
20000568  _stream                                    
200005b8  pwmConfig                                  
200005d0  compareConfig_PWM                          
200005e0  g_sCrystalfontz128x128                     
200005f0  __TI_ft_end                                
200005f4  __aeabi_stdin                              
200005f8  __aeabi_stdout                             
200005fc  __aeabi_stderr                             
20000600  __TI_cleanup_ptr                           
20000604  __TI_dtors_ptr                             
20000608  __TI_enable_exit_profile_output            
2000060c  _lock                                      
20000610  _unlock                                    
2000061c  tempo                                      
20000628  errno                                      
2000062c  SystemCoreClock                            
20000630  __CIOBUF_                                  
20000750  __TI_tmpnams                               
200007f0  g_sContext                                 
2000080c  parmbuf                                    
20000814  jumpCounter                                
20000818  lux                                        
2000081c  stateB1                                    
20000820  stateB2                                    
20000824  tempAmbiente                               
20000828  tempParete                                 
2000082c  Lcd_ScreenHeigth                           
2000082e  Lcd_ScreenWidth                            
20000830  Lcd_TouchTrim                              
20000832  Lcd_FlagRead                               
20000833  Lcd_FontSolid                              
20000834  Lcd_Orientation                            
20000835  Lcd_PenSolid                               
20000836  buzzerON                                   
20000837  fanON                                      
20000838  lightON                                    
2000fe00  __stack                                    
20010000  __STACK_END                                
4000480c  WDTCTL_SYM                                 
ffffffff  __TI_pprof_out_hndl                        
ffffffff  __TI_prof_data_size                        
ffffffff  __TI_prof_data_start                       
ffffffff  __binit__                                  
ffffffff  __c_args__                                 
ffffffff  binit                                      
UNDEFED   __mpu_init                                 
UNDEFED   _system_post_cinit                         

[342 symbols]
