<?xml version="1.0" encoding="ISO-8859-1" ?>
<link_info>
   <banner>TI ARM Linker PC v20.2.7.LTS</banner>
   <copyright>Copyright (c) 1996-2018 Texas Instruments Incorporated</copyright>
   <link_time>0x66976c8c</link_time>
   <link_errors>0x0</link_errors>
   <output_file>PROGETTO.out</output_file>
   <entry_point>
      <name>_c_int00_noargs</name>
      <address>0x68c9</address>
   </entry_point>
   <input_file_list>
      <input_file id="fl-2">
         <path>.\</path>
         <kind>object</kind>
         <file>BUTTONS.obj</file>
         <name>BUTTONS.obj</name>
      </input_file>
      <input_file id="fl-3">
         <path>.\</path>
         <kind>object</kind>
         <file>BUZZER.obj</file>
         <name>BUZZER.obj</name>
      </input_file>
      <input_file id="fl-4">
         <path>.\</path>
         <kind>object</kind>
         <file>HAL_I2C.obj</file>
         <name>HAL_I2C.obj</name>
      </input_file>
      <input_file id="fl-5">
         <path>.\</path>
         <kind>object</kind>
         <file>HAL_OPT3001.obj</file>
         <name>HAL_OPT3001.obj</name>
      </input_file>
      <input_file id="fl-6">
         <path>.\</path>
         <kind>object</kind>
         <file>HAL_TMP006.obj</file>
         <name>HAL_TMP006.obj</name>
      </input_file>
      <input_file id="fl-7">
         <path>.\</path>
         <kind>object</kind>
         <file>TMP36.obj</file>
         <name>TMP36.obj</name>
      </input_file>
      <input_file id="fl-8">
         <path>.\</path>
         <kind>object</kind>
         <file>VENTOLA.obj</file>
         <name>VENTOLA.obj</name>
      </input_file>
      <input_file id="fl-9">
         <path>.\</path>
         <kind>object</kind>
         <file>lcd.obj</file>
         <name>lcd.obj</name>
      </input_file>
      <input_file id="fl-a">
         <path>.\</path>
         <kind>object</kind>
         <file>led.obj</file>
         <name>led.obj</name>
      </input_file>
      <input_file id="fl-b">
         <path>.\</path>
         <kind>object</kind>
         <file>main.obj</file>
         <name>main.obj</name>
      </input_file>
      <input_file id="fl-c">
         <path>.\</path>
         <kind>object</kind>
         <file>startup_msp432p401r_ccs.obj</file>
         <name>startup_msp432p401r_ccs.obj</name>
      </input_file>
      <input_file id="fl-d">
         <path>.\</path>
         <kind>object</kind>
         <file>system_msp432p401r.obj</file>
         <name>system_msp432p401r.obj</name>
      </input_file>
      <input_file id="fl-e">
         <path>.\LcdDriver\</path>
         <kind>object</kind>
         <file>Crystalfontz128x128_ST7735.obj</file>
         <name>Crystalfontz128x128_ST7735.obj</name>
      </input_file>
      <input_file id="fl-f">
         <path>.\LcdDriver\</path>
         <kind>object</kind>
         <file>HAL_MSP_EXP432P401R_Crystalfontz128x128_ST7735.obj</file>
         <name>HAL_MSP_EXP432P401R_Crystalfontz128x128_ST7735.obj</name>
      </input_file>
      <input_file id="fl-15">
         <kind>object</kind>
         <file>&lt;internal&gt;</file>
         <name>&lt;internal&gt;</name>
      </input_file>
      <input_file id="fl-cb">
         <path>C:\ti\ccs1271\ccs\tools\compiler\ti-cgt-arm_20.2.7.LTS\lib\</path>
         <kind>archive</kind>
         <file>rtsv7M4_T_le_v4SPD16_eabi.lib</file>
         <name>e_pow.c.obj</name>
      </input_file>
      <input_file id="fl-cc">
         <path>C:\ti\ccs1271\ccs\tools\compiler\ti-cgt-arm_20.2.7.LTS\lib\</path>
         <kind>archive</kind>
         <file>rtsv7M4_T_le_v4SPD16_eabi.lib</file>
         <name>e_sqrt.c.obj</name>
      </input_file>
      <input_file id="fl-cd">
         <path>C:\ti\ccs1271\ccs\tools\compiler\ti-cgt-arm_20.2.7.LTS\lib\</path>
         <kind>archive</kind>
         <file>rtsv7M4_T_le_v4SPD16_eabi.lib</file>
         <name>s_scalbn.c.obj</name>
      </input_file>
      <input_file id="fl-ce">
         <path>C:\ti\ccs1271\ccs\tools\compiler\ti-cgt-arm_20.2.7.LTS\lib\</path>
         <kind>archive</kind>
         <file>rtsv7M4_T_le_v4SPD16_eabi.lib</file>
         <name>printf.c.obj</name>
      </input_file>
      <input_file id="fl-cf">
         <path>C:\ti\ccs1271\ccs\tools\compiler\ti-cgt-arm_20.2.7.LTS\lib\</path>
         <kind>archive</kind>
         <file>rtsv7M4_T_le_v4SPD16_eabi.lib</file>
         <name>_printfi.c.obj</name>
      </input_file>
      <input_file id="fl-d0">
         <path>C:\ti\ccs1271\ccs\tools\compiler\ti-cgt-arm_20.2.7.LTS\lib\</path>
         <kind>archive</kind>
         <file>rtsv7M4_T_le_v4SPD16_eabi.lib</file>
         <name>sprintf.c.obj</name>
      </input_file>
      <input_file id="fl-d1">
         <path>C:\ti\ccs1271\ccs\tools\compiler\ti-cgt-arm_20.2.7.LTS\lib\</path>
         <kind>archive</kind>
         <file>rtsv7M4_T_le_v4SPD16_eabi.lib</file>
         <name>fputc.c.obj</name>
      </input_file>
      <input_file id="fl-d2">
         <path>C:\ti\ccs1271\ccs\tools\compiler\ti-cgt-arm_20.2.7.LTS\lib\</path>
         <kind>archive</kind>
         <file>rtsv7M4_T_le_v4SPD16_eabi.lib</file>
         <name>fputs.c.obj</name>
      </input_file>
      <input_file id="fl-d3">
         <path>C:\ti\ccs1271\ccs\tools\compiler\ti-cgt-arm_20.2.7.LTS\lib\</path>
         <kind>archive</kind>
         <file>rtsv7M4_T_le_v4SPD16_eabi.lib</file>
         <name>_io_perm.c.obj</name>
      </input_file>
      <input_file id="fl-d4">
         <path>C:\ti\ccs1271\ccs\tools\compiler\ti-cgt-arm_20.2.7.LTS\lib\</path>
         <kind>archive</kind>
         <file>rtsv7M4_T_le_v4SPD16_eabi.lib</file>
         <name>setvbuf.c.obj</name>
      </input_file>
      <input_file id="fl-d5">
         <path>C:\ti\ccs1271\ccs\tools\compiler\ti-cgt-arm_20.2.7.LTS\lib\</path>
         <kind>archive</kind>
         <file>rtsv7M4_T_le_v4SPD16_eabi.lib</file>
         <name>fd_add_t2.asm.obj</name>
      </input_file>
      <input_file id="fl-d6">
         <path>C:\ti\ccs1271\ccs\tools\compiler\ti-cgt-arm_20.2.7.LTS\lib\</path>
         <kind>archive</kind>
         <file>rtsv7M4_T_le_v4SPD16_eabi.lib</file>
         <name>fd_cmp_t2.asm.obj</name>
      </input_file>
      <input_file id="fl-d7">
         <path>C:\ti\ccs1271\ccs\tools\compiler\ti-cgt-arm_20.2.7.LTS\lib\</path>
         <kind>archive</kind>
         <file>rtsv7M4_T_le_v4SPD16_eabi.lib</file>
         <name>fd_div_t2.asm.obj</name>
      </input_file>
      <input_file id="fl-d8">
         <path>C:\ti\ccs1271\ccs\tools\compiler\ti-cgt-arm_20.2.7.LTS\lib\</path>
         <kind>archive</kind>
         <file>rtsv7M4_T_le_v4SPD16_eabi.lib</file>
         <name>fd_mul_t2.asm.obj</name>
      </input_file>
      <input_file id="fl-d9">
         <path>C:\ti\ccs1271\ccs\tools\compiler\ti-cgt-arm_20.2.7.LTS\lib\</path>
         <kind>archive</kind>
         <file>rtsv7M4_T_le_v4SPD16_eabi.lib</file>
         <name>fd_toi_t2.asm.obj</name>
      </input_file>
      <input_file id="fl-da">
         <path>C:\ti\ccs1271\ccs\tools\compiler\ti-cgt-arm_20.2.7.LTS\lib\</path>
         <kind>archive</kind>
         <file>rtsv7M4_T_le_v4SPD16_eabi.lib</file>
         <name>fd_tos_t2.asm.obj</name>
      </input_file>
      <input_file id="fl-db">
         <path>C:\ti\ccs1271\ccs\tools\compiler\ti-cgt-arm_20.2.7.LTS\lib\</path>
         <kind>archive</kind>
         <file>rtsv7M4_T_le_v4SPD16_eabi.lib</file>
         <name>fs_tod_t2.asm.obj</name>
      </input_file>
      <input_file id="fl-dc">
         <path>C:\ti\ccs1271\ccs\tools\compiler\ti-cgt-arm_20.2.7.LTS\lib\</path>
         <kind>archive</kind>
         <file>rtsv7M4_T_le_v4SPD16_eabi.lib</file>
         <name>i_tofd_t2.asm.obj</name>
      </input_file>
      <input_file id="fl-dd">
         <path>C:\ti\ccs1271\ccs\tools\compiler\ti-cgt-arm_20.2.7.LTS\lib\</path>
         <kind>archive</kind>
         <file>rtsv7M4_T_le_v4SPD16_eabi.lib</file>
         <name>memcpy_t2.asm.obj</name>
      </input_file>
      <input_file id="fl-de">
         <path>C:\ti\ccs1271\ccs\tools\compiler\ti-cgt-arm_20.2.7.LTS\lib\</path>
         <kind>archive</kind>
         <file>rtsv7M4_T_le_v4SPD16_eabi.lib</file>
         <name>memset_t2.asm.obj</name>
      </input_file>
      <input_file id="fl-df">
         <path>C:\ti\ccs1271\ccs\tools\compiler\ti-cgt-arm_20.2.7.LTS\lib\</path>
         <kind>archive</kind>
         <file>rtsv7M4_T_le_v4SPD16_eabi.lib</file>
         <name>ull_div_t2.asm.obj</name>
      </input_file>
      <input_file id="fl-e0">
         <path>C:\ti\ccs1271\ccs\tools\compiler\ti-cgt-arm_20.2.7.LTS\lib\</path>
         <kind>archive</kind>
         <file>rtsv7M4_T_le_v4SPD16_eabi.lib</file>
         <name>copy_zero_init.c.obj</name>
      </input_file>
      <input_file id="fl-e1">
         <path>C:\ti\ccs1271\ccs\tools\compiler\ti-cgt-arm_20.2.7.LTS\lib\</path>
         <kind>archive</kind>
         <file>rtsv7M4_T_le_v4SPD16_eabi.lib</file>
         <name>copy_decompress_none.c.obj</name>
      </input_file>
      <input_file id="fl-e2">
         <path>C:\ti\ccs1271\ccs\tools\compiler\ti-cgt-arm_20.2.7.LTS\lib\</path>
         <kind>archive</kind>
         <file>rtsv7M4_T_le_v4SPD16_eabi.lib</file>
         <name>copy_decompress_lzss.c.obj</name>
      </input_file>
      <input_file id="fl-e3">
         <path>C:\ti\ccs1271\ccs\tools\compiler\ti-cgt-arm_20.2.7.LTS\lib\</path>
         <kind>archive</kind>
         <file>rtsv7M4_T_le_v4SPD16_eabi.lib</file>
         <name>exit.c.obj</name>
      </input_file>
      <input_file id="fl-e4">
         <path>C:\ti\ccs1271\ccs\tools\compiler\ti-cgt-arm_20.2.7.LTS\lib\</path>
         <kind>archive</kind>
         <file>rtsv7M4_T_le_v4SPD16_eabi.lib</file>
         <name>_lock.c.obj</name>
      </input_file>
      <input_file id="fl-e5">
         <path>C:\ti\ccs1271\ccs\tools\compiler\ti-cgt-arm_20.2.7.LTS\lib\</path>
         <kind>archive</kind>
         <file>rtsv7M4_T_le_v4SPD16_eabi.lib</file>
         <name>_ltoa.c.obj</name>
      </input_file>
      <input_file id="fl-e6">
         <path>C:\ti\ccs1271\ccs\tools\compiler\ti-cgt-arm_20.2.7.LTS\lib\</path>
         <kind>archive</kind>
         <file>rtsv7M4_T_le_v4SPD16_eabi.lib</file>
         <name>atoi.c.obj</name>
      </input_file>
      <input_file id="fl-e7">
         <path>C:\ti\ccs1271\ccs\tools\compiler\ti-cgt-arm_20.2.7.LTS\lib\</path>
         <kind>archive</kind>
         <file>rtsv7M4_T_le_v4SPD16_eabi.lib</file>
         <name>ctype.c.obj</name>
      </input_file>
      <input_file id="fl-e8">
         <path>C:\ti\ccs1271\ccs\tools\compiler\ti-cgt-arm_20.2.7.LTS\lib\</path>
         <kind>archive</kind>
         <file>rtsv7M4_T_le_v4SPD16_eabi.lib</file>
         <name>defs.c.obj</name>
      </input_file>
      <input_file id="fl-e9">
         <path>C:\ti\ccs1271\ccs\tools\compiler\ti-cgt-arm_20.2.7.LTS\lib\</path>
         <kind>archive</kind>
         <file>rtsv7M4_T_le_v4SPD16_eabi.lib</file>
         <name>memccpy.c.obj</name>
      </input_file>
      <input_file id="fl-ea">
         <path>C:\ti\ccs1271\ccs\tools\compiler\ti-cgt-arm_20.2.7.LTS\lib\</path>
         <kind>archive</kind>
         <file>rtsv7M4_T_le_v4SPD16_eabi.lib</file>
         <name>memchr.c.obj</name>
      </input_file>
      <input_file id="fl-eb">
         <path>C:\ti\ccs1271\ccs\tools\compiler\ti-cgt-arm_20.2.7.LTS\lib\</path>
         <kind>archive</kind>
         <file>rtsv7M4_T_le_v4SPD16_eabi.lib</file>
         <name>memory.c.obj</name>
      </input_file>
      <input_file id="fl-ec">
         <path>C:\ti\ccs1271\ccs\tools\compiler\ti-cgt-arm_20.2.7.LTS\lib\</path>
         <kind>archive</kind>
         <file>rtsv7M4_T_le_v4SPD16_eabi.lib</file>
         <name>strchr.c.obj</name>
      </input_file>
      <input_file id="fl-ed">
         <path>C:\ti\ccs1271\ccs\tools\compiler\ti-cgt-arm_20.2.7.LTS\lib\</path>
         <kind>archive</kind>
         <file>rtsv7M4_T_le_v4SPD16_eabi.lib</file>
         <name>strlen.c.obj</name>
      </input_file>
      <input_file id="fl-ee">
         <path>C:\ti\ccs1271\ccs\tools\compiler\ti-cgt-arm_20.2.7.LTS\lib\</path>
         <kind>archive</kind>
         <file>rtsv7M4_T_le_v4SPD16_eabi.lib</file>
         <name>boot_cortex_m.c.obj</name>
      </input_file>
      <input_file id="fl-ef">
         <path>C:\ti\ccs1271\ccs\tools\compiler\ti-cgt-arm_20.2.7.LTS\lib\</path>
         <kind>archive</kind>
         <file>rtsv7M4_T_le_v4SPD16_eabi.lib</file>
         <name>write.c.obj</name>
      </input_file>
      <input_file id="fl-f0">
         <path>C:\ti\ccs1271\ccs\tools\compiler\ti-cgt-arm_20.2.7.LTS\lib\</path>
         <kind>archive</kind>
         <file>rtsv7M4_T_le_v4SPD16_eabi.lib</file>
         <name>host_device.c.obj</name>
      </input_file>
      <input_file id="fl-f1">
         <path>C:\ti\ccs1271\ccs\tools\compiler\ti-cgt-arm_20.2.7.LTS\lib\</path>
         <kind>archive</kind>
         <file>rtsv7M4_T_le_v4SPD16_eabi.lib</file>
         <name>errno.c.obj</name>
      </input_file>
      <input_file id="fl-f2">
         <path>C:\ti\ccs1271\ccs\tools\compiler\ti-cgt-arm_20.2.7.LTS\lib\</path>
         <kind>archive</kind>
         <file>rtsv7M4_T_le_v4SPD16_eabi.lib</file>
         <name>wcslen.c.obj</name>
      </input_file>
      <input_file id="fl-f3">
         <path>C:\ti\ccs1271\ccs\tools\compiler\ti-cgt-arm_20.2.7.LTS\lib\</path>
         <kind>archive</kind>
         <file>rtsv7M4_T_le_v4SPD16_eabi.lib</file>
         <name>s_copysign.c.obj</name>
      </input_file>
      <input_file id="fl-f4">
         <path>C:\ti\ccs1271\ccs\tools\compiler\ti-cgt-arm_20.2.7.LTS\lib\</path>
         <kind>archive</kind>
         <file>rtsv7M4_T_le_v4SPD16_eabi.lib</file>
         <name>s_frexp.c.obj</name>
      </input_file>
      <input_file id="fl-f5">
         <path>C:\ti\ccs1271\ccs\tools\compiler\ti-cgt-arm_20.2.7.LTS\lib\</path>
         <kind>archive</kind>
         <file>rtsv7M4_T_le_v4SPD16_eabi.lib</file>
         <name>fflush.c.obj</name>
      </input_file>
      <input_file id="fl-f6">
         <path>C:\ti\ccs1271\ccs\tools\compiler\ti-cgt-arm_20.2.7.LTS\lib\</path>
         <kind>archive</kind>
         <file>rtsv7M4_T_le_v4SPD16_eabi.lib</file>
         <name>fopen.c.obj</name>
      </input_file>
      <input_file id="fl-f7">
         <path>C:\ti\ccs1271\ccs\tools\compiler\ti-cgt-arm_20.2.7.LTS\lib\</path>
         <kind>archive</kind>
         <file>rtsv7M4_T_le_v4SPD16_eabi.lib</file>
         <name>fseek.c.obj</name>
      </input_file>
      <input_file id="fl-f8">
         <path>C:\ti\ccs1271\ccs\tools\compiler\ti-cgt-arm_20.2.7.LTS\lib\</path>
         <kind>archive</kind>
         <file>rtsv7M4_T_le_v4SPD16_eabi.lib</file>
         <name>div0.asm.obj</name>
      </input_file>
      <input_file id="fl-f9">
         <path>C:\ti\ccs1271\ccs\tools\compiler\ti-cgt-arm_20.2.7.LTS\lib\</path>
         <kind>archive</kind>
         <file>rtsv7M4_T_le_v4SPD16_eabi.lib</file>
         <name>autoinit.c.obj</name>
      </input_file>
      <input_file id="fl-fa">
         <path>C:\ti\ccs1271\ccs\tools\compiler\ti-cgt-arm_20.2.7.LTS\lib\</path>
         <kind>archive</kind>
         <file>rtsv7M4_T_le_v4SPD16_eabi.lib</file>
         <name>pre_init.c.obj</name>
      </input_file>
      <input_file id="fl-fb">
         <path>C:\ti\ccs1271\ccs\tools\compiler\ti-cgt-arm_20.2.7.LTS\lib\</path>
         <kind>archive</kind>
         <file>rtsv7M4_T_le_v4SPD16_eabi.lib</file>
         <name>cpy_tbl.c.obj</name>
      </input_file>
      <input_file id="fl-fc">
         <path>C:\ti\ccs1271\ccs\tools\compiler\ti-cgt-arm_20.2.7.LTS\lib\</path>
         <kind>archive</kind>
         <file>rtsv7M4_T_le_v4SPD16_eabi.lib</file>
         <name>args_main.c.obj</name>
      </input_file>
      <input_file id="fl-fd">
         <path>C:\ti\ccs1271\ccs\tools\compiler\ti-cgt-arm_20.2.7.LTS\lib\</path>
         <kind>archive</kind>
         <file>rtsv7M4_T_le_v4SPD16_eabi.lib</file>
         <name>hostclose.c.obj</name>
      </input_file>
      <input_file id="fl-fe">
         <path>C:\ti\ccs1271\ccs\tools\compiler\ti-cgt-arm_20.2.7.LTS\lib\</path>
         <kind>archive</kind>
         <file>rtsv7M4_T_le_v4SPD16_eabi.lib</file>
         <name>hostlseek.c.obj</name>
      </input_file>
      <input_file id="fl-ff">
         <path>C:\ti\ccs1271\ccs\tools\compiler\ti-cgt-arm_20.2.7.LTS\lib\</path>
         <kind>archive</kind>
         <file>rtsv7M4_T_le_v4SPD16_eabi.lib</file>
         <name>hostopen.c.obj</name>
      </input_file>
      <input_file id="fl-100">
         <path>C:\ti\ccs1271\ccs\tools\compiler\ti-cgt-arm_20.2.7.LTS\lib\</path>
         <kind>archive</kind>
         <file>rtsv7M4_T_le_v4SPD16_eabi.lib</file>
         <name>hostread.c.obj</name>
      </input_file>
      <input_file id="fl-101">
         <path>C:\ti\ccs1271\ccs\tools\compiler\ti-cgt-arm_20.2.7.LTS\lib\</path>
         <kind>archive</kind>
         <file>rtsv7M4_T_le_v4SPD16_eabi.lib</file>
         <name>hostrename.c.obj</name>
      </input_file>
      <input_file id="fl-102">
         <path>C:\ti\ccs1271\ccs\tools\compiler\ti-cgt-arm_20.2.7.LTS\lib\</path>
         <kind>archive</kind>
         <file>rtsv7M4_T_le_v4SPD16_eabi.lib</file>
         <name>hostunlink.c.obj</name>
      </input_file>
      <input_file id="fl-103">
         <path>C:\ti\ccs1271\ccs\tools\compiler\ti-cgt-arm_20.2.7.LTS\lib\</path>
         <kind>archive</kind>
         <file>rtsv7M4_T_le_v4SPD16_eabi.lib</file>
         <name>hostwrite.c.obj</name>
      </input_file>
      <input_file id="fl-104">
         <path>C:\ti\ccs1271\ccs\tools\compiler\ti-cgt-arm_20.2.7.LTS\lib\</path>
         <kind>archive</kind>
         <file>rtsv7M4_T_le_v4SPD16_eabi.lib</file>
         <name>trgmsg.c.obj</name>
      </input_file>
      <input_file id="fl-105">
         <path>C:\ti\ccs1271\ccs\tools\compiler\ti-cgt-arm_20.2.7.LTS\lib\</path>
         <kind>archive</kind>
         <file>rtsv7M4_T_le_v4SPD16_eabi.lib</file>
         <name>open.c.obj</name>
      </input_file>
      <input_file id="fl-106">
         <path>C:\ti\ccs1271\ccs\tools\compiler\ti-cgt-arm_20.2.7.LTS\lib\</path>
         <kind>archive</kind>
         <file>rtsv7M4_T_le_v4SPD16_eabi.lib</file>
         <name>lseek.c.obj</name>
      </input_file>
      <input_file id="fl-107">
         <path>C:\ti\ccs1271\ccs\tools\compiler\ti-cgt-arm_20.2.7.LTS\lib\</path>
         <kind>archive</kind>
         <file>rtsv7M4_T_le_v4SPD16_eabi.lib</file>
         <name>fclose.c.obj</name>
      </input_file>
      <input_file id="fl-108">
         <path>C:\ti\ccs1271\ccs\tools\compiler\ti-cgt-arm_20.2.7.LTS\lib\</path>
         <kind>archive</kind>
         <file>rtsv7M4_T_le_v4SPD16_eabi.lib</file>
         <name>getdevice.c.obj</name>
      </input_file>
      <input_file id="fl-109">
         <path>C:\ti\ccs1271\ccs\tools\compiler\ti-cgt-arm_20.2.7.LTS\lib\</path>
         <kind>archive</kind>
         <file>rtsv7M4_T_le_v4SPD16_eabi.lib</file>
         <name>strcmp.c.obj</name>
      </input_file>
      <input_file id="fl-10a">
         <path>C:\ti\ccs1271\ccs\tools\compiler\ti-cgt-arm_20.2.7.LTS\lib\</path>
         <kind>archive</kind>
         <file>rtsv7M4_T_le_v4SPD16_eabi.lib</file>
         <name>strcpy.c.obj</name>
      </input_file>
      <input_file id="fl-10b">
         <path>C:\ti\ccs1271\ccs\tools\compiler\ti-cgt-arm_20.2.7.LTS\lib\</path>
         <kind>archive</kind>
         <file>rtsv7M4_T_le_v4SPD16_eabi.lib</file>
         <name>strncpy.c.obj</name>
      </input_file>
      <input_file id="fl-10c">
         <path>C:\ti\ccs1271\ccs\tools\compiler\ti-cgt-arm_20.2.7.LTS\lib\</path>
         <kind>archive</kind>
         <file>rtsv7M4_T_le_v4SPD16_eabi.lib</file>
         <name>remove.c.obj</name>
      </input_file>
      <input_file id="fl-10d">
         <path>C:\ti\ccs1271\ccs\tools\compiler\ti-cgt-arm_20.2.7.LTS\lib\</path>
         <kind>archive</kind>
         <file>rtsv7M4_T_le_v4SPD16_eabi.lib</file>
         <name>close.c.obj</name>
      </input_file>
      <input_file id="fl-10e">
         <path>C:\ti\ccs1271\ccs\tools\compiler\ti-cgt-arm_20.2.7.LTS\lib\</path>
         <kind>archive</kind>
         <file>rtsv7M4_T_le_v4SPD16_eabi.lib</file>
         <name>unlink.c.obj</name>
      </input_file>
      <input_file id="fl-10f">
         <path>C:\ti\simplelink_msp432p4_sdk_3_40_01_02\source\ti\devices\msp432p4xx\driverlib\ccs\</path>
         <kind>archive</kind>
         <file>msp432p4xx_driverlib.lib</file>
         <name>adc14.o</name>
      </input_file>
      <input_file id="fl-110">
         <path>C:\ti\simplelink_msp432p4_sdk_3_40_01_02\source\ti\devices\msp432p4xx\driverlib\ccs\</path>
         <kind>archive</kind>
         <file>msp432p4xx_driverlib.lib</file>
         <name>cs.o</name>
      </input_file>
      <input_file id="fl-111">
         <path>C:\ti\simplelink_msp432p4_sdk_3_40_01_02\source\ti\devices\msp432p4xx\driverlib\ccs\</path>
         <kind>archive</kind>
         <file>msp432p4xx_driverlib.lib</file>
         <name>flash.o</name>
      </input_file>
      <input_file id="fl-112">
         <path>C:\ti\simplelink_msp432p4_sdk_3_40_01_02\source\ti\devices\msp432p4xx\driverlib\ccs\</path>
         <kind>archive</kind>
         <file>msp432p4xx_driverlib.lib</file>
         <name>gpio.o</name>
      </input_file>
      <input_file id="fl-113">
         <path>C:\ti\simplelink_msp432p4_sdk_3_40_01_02\source\ti\devices\msp432p4xx\driverlib\ccs\</path>
         <kind>archive</kind>
         <file>msp432p4xx_driverlib.lib</file>
         <name>i2c.o</name>
      </input_file>
      <input_file id="fl-114">
         <path>C:\ti\simplelink_msp432p4_sdk_3_40_01_02\source\ti\devices\msp432p4xx\driverlib\ccs\</path>
         <kind>archive</kind>
         <file>msp432p4xx_driverlib.lib</file>
         <name>interrupt.o</name>
      </input_file>
      <input_file id="fl-115">
         <path>C:\ti\simplelink_msp432p4_sdk_3_40_01_02\source\ti\devices\msp432p4xx\driverlib\ccs\</path>
         <kind>archive</kind>
         <file>msp432p4xx_driverlib.lib</file>
         <name>pcm.o</name>
      </input_file>
      <input_file id="fl-116">
         <path>C:\ti\simplelink_msp432p4_sdk_3_40_01_02\source\ti\devices\msp432p4xx\driverlib\ccs\</path>
         <kind>archive</kind>
         <file>msp432p4xx_driverlib.lib</file>
         <name>rtc_c.o</name>
      </input_file>
      <input_file id="fl-117">
         <path>C:\ti\simplelink_msp432p4_sdk_3_40_01_02\source\ti\devices\msp432p4xx\driverlib\ccs\</path>
         <kind>archive</kind>
         <file>msp432p4xx_driverlib.lib</file>
         <name>spi.o</name>
      </input_file>
      <input_file id="fl-118">
         <path>C:\ti\simplelink_msp432p4_sdk_3_40_01_02\source\ti\devices\msp432p4xx\driverlib\ccs\</path>
         <kind>archive</kind>
         <file>msp432p4xx_driverlib.lib</file>
         <name>sysctl.o</name>
      </input_file>
      <input_file id="fl-119">
         <path>C:\ti\simplelink_msp432p4_sdk_3_40_01_02\source\ti\devices\msp432p4xx\driverlib\ccs\</path>
         <kind>archive</kind>
         <file>msp432p4xx_driverlib.lib</file>
         <name>sysctl_a.o</name>
      </input_file>
      <input_file id="fl-11a">
         <path>C:\ti\simplelink_msp432p4_sdk_3_40_01_02\source\ti\devices\msp432p4xx\driverlib\ccs\</path>
         <kind>archive</kind>
         <file>msp432p4xx_driverlib.lib</file>
         <name>timer32.o</name>
      </input_file>
      <input_file id="fl-11b">
         <path>C:\ti\simplelink_msp432p4_sdk_3_40_01_02\source\ti\devices\msp432p4xx\driverlib\ccs\</path>
         <kind>archive</kind>
         <file>msp432p4xx_driverlib.lib</file>
         <name>timer_a.o</name>
      </input_file>
      <input_file id="fl-11c">
         <path>C:\ti\simplelink_msp432p4_sdk_3_40_01_02\source\ti\devices\msp432p4xx\driverlib\ccs\</path>
         <kind>archive</kind>
         <file>msp432p4xx_driverlib.lib</file>
         <name>wdt_a.o</name>
      </input_file>
      <input_file id="fl-11d">
         <path>C:\ti\simplelink_msp432p4_sdk_3_40_01_02\source\ti\devices\msp432p4xx\driverlib\ccs\</path>
         <kind>archive</kind>
         <file>msp432p4xx_driverlib.lib</file>
         <name>cpu.o</name>
      </input_file>
      <input_file id="fl-11e">
         <path>C:\ti\simplelink_msp432p4_sdk_3_40_01_02\source\ti\grlib\lib\ccs\m4\</path>
         <kind>archive</kind>
         <file>grlib.a</file>
         <name>context.obj</name>
      </input_file>
      <input_file id="fl-11f">
         <path>C:\ti\simplelink_msp432p4_sdk_3_40_01_02\source\ti\grlib\lib\ccs\m4\</path>
         <kind>archive</kind>
         <file>grlib.a</file>
         <name>display.obj</name>
      </input_file>
      <input_file id="fl-120">
         <path>C:\ti\simplelink_msp432p4_sdk_3_40_01_02\source\ti\grlib\lib\ccs\m4\</path>
         <kind>archive</kind>
         <file>grlib.a</file>
         <name>fontfixed6x8.obj</name>
      </input_file>
      <input_file id="fl-121">
         <path>C:\ti\simplelink_msp432p4_sdk_3_40_01_02\source\ti\grlib\lib\ccs\m4\</path>
         <kind>archive</kind>
         <file>grlib.a</file>
         <name>rectangle.obj</name>
      </input_file>
      <input_file id="fl-122">
         <path>C:\ti\simplelink_msp432p4_sdk_3_40_01_02\source\ti\grlib\lib\ccs\m4\</path>
         <kind>archive</kind>
         <file>grlib.a</file>
         <name>string.obj</name>
      </input_file>
      <input_file id="fl-123">
         <path>C:\ti\simplelink_msp432p4_sdk_3_40_01_02\source\ti\grlib\lib\ccs\m4\</path>
         <kind>archive</kind>
         <file>grlib.a</file>
         <name>line.obj</name>
      </input_file>
   </input_file_list>
   <object_component_list>
      <object_component id="oc-26">
         <name>.intvecs:retain</name>
         <load_address>0x0</load_address>
         <run_address>0x0</run_address>
         <size>0xe4</size>
         <input_file_ref idref="fl-c"/>
      </object_component>
      <object_component id="oc-290">
         <name>.text:__TI_printfi</name>
         <load_address>0xe4</load_address>
         <run_address>0xe4</run_address>
         <size>0xa4e</size>
         <input_file_ref idref="fl-cf"/>
      </object_component>
      <object_component id="oc-53e">
         <name>.text:_nop</name>
         <load_address>0xb32</load_address>
         <run_address>0xb32</run_address>
         <size>0x2</size>
         <input_file_ref idref="fl-e4"/>
      </object_component>
      <object_component id="oc-208">
         <name>.text:pow</name>
         <load_address>0xb34</load_address>
         <run_address>0xb34</run_address>
         <size>0x9d0</size>
         <input_file_ref idref="fl-cb"/>
      </object_component>
      <object_component id="oc-32a">
         <name>.text</name>
         <load_address>0x1504</load_address>
         <run_address>0x1504</run_address>
         <size>0x680</size>
         <input_file_ref idref="fl-e"/>
      </object_component>
      <object_component id="oc-70">
         <name>.text</name>
         <load_address>0x1b84</load_address>
         <run_address>0x1b84</run_address>
         <size>0x624</size>
         <input_file_ref idref="fl-b"/>
      </object_component>
      <object_component id="oc-1fb">
         <name>.text:Graphics_drawString</name>
         <load_address>0x21a8</load_address>
         <run_address>0x21a8</run_address>
         <size>0x47e</size>
         <input_file_ref idref="fl-122"/>
      </object_component>
      <object_component id="oc-69b">
         <name>.text</name>
         <load_address>0x2626</load_address>
         <run_address>0x2626</run_address>
         <size>0x2</size>
         <input_file_ref idref="fl-f8"/>
      </object_component>
      <object_component id="oc-c5">
         <name>.text</name>
         <load_address>0x2628</load_address>
         <run_address>0x2628</run_address>
         <size>0x408</size>
         <input_file_ref idref="fl-6"/>
      </object_component>
      <object_component id="oc-ac">
         <name>.text</name>
         <load_address>0x2a30</load_address>
         <run_address>0x2a30</run_address>
         <size>0x334</size>
         <input_file_ref idref="fl-d"/>
      </object_component>
      <object_component id="oc-4aa">
         <name>.text:_pconv_a</name>
         <load_address>0x2d64</load_address>
         <run_address>0x2d64</run_address>
         <size>0x270</size>
         <input_file_ref idref="fl-cf"/>
      </object_component>
      <object_component id="oc-498">
         <name>.text:_pconv_g</name>
         <load_address>0x2fd4</load_address>
         <run_address>0x2fd4</run_address>
         <size>0x1d0</size>
         <input_file_ref idref="fl-cf"/>
      </object_component>
      <object_component id="oc-cb">
         <name>.text</name>
         <load_address>0x31a4</load_address>
         <run_address>0x31a4</run_address>
         <size>0x1b6</size>
         <input_file_ref idref="fl-d5"/>
      </object_component>
      <object_component id="oc-13a">
         <name>.text</name>
         <load_address>0x335c</load_address>
         <run_address>0x335c</run_address>
         <size>0x180</size>
         <input_file_ref idref="fl-3"/>
      </object_component>
      <object_component id="oc-465">
         <name>.text:_getIndexForMemRegister</name>
         <load_address>0x34dc</load_address>
         <run_address>0x34dc</run_address>
         <size>0x160</size>
         <input_file_ref idref="fl-10f"/>
      </object_component>
      <object_component id="oc-df">
         <name>.text</name>
         <load_address>0x363c</load_address>
         <run_address>0x363c</run_address>
         <size>0x15c</size>
         <input_file_ref idref="fl-7"/>
      </object_component>
      <object_component id="oc-627">
         <name>.text:__PCM_setPowerModeAdvanced</name>
         <load_address>0x3798</load_address>
         <run_address>0x3798</run_address>
         <size>0x15c</size>
         <input_file_ref idref="fl-115"/>
      </object_component>
      <object_component id="oc-430">
         <name>.text:sqrt</name>
         <load_address>0x38f4</load_address>
         <run_address>0x38f4</run_address>
         <size>0x158</size>
         <input_file_ref idref="fl-cc"/>
      </object_component>
      <object_component id="oc-476">
         <name>.text:privateTimer_AProcessClockSourceDivider</name>
         <load_address>0x3a4c</load_address>
         <run_address>0x3a4c</run_address>
         <size>0x144</size>
         <input_file_ref idref="fl-11b"/>
      </object_component>
      <object_component id="oc-e5">
         <name>.text</name>
         <load_address>0x3b90</load_address>
         <run_address>0x3b90</run_address>
         <size>0x13c</size>
         <input_file_ref idref="fl-5"/>
      </object_component>
      <object_component id="oc-4a4">
         <name>.text:_pconv_e</name>
         <load_address>0x3ccc</load_address>
         <run_address>0x3ccc</run_address>
         <size>0x13c</size>
         <input_file_ref idref="fl-cf"/>
      </object_component>
      <object_component id="oc-d5">
         <name>.text</name>
         <load_address>0x3e08</load_address>
         <run_address>0x3e08</run_address>
         <size>0x136</size>
         <input_file_ref idref="fl-d7"/>
      </object_component>
      <object_component id="oc-12e">
         <name>.text:CS_initClockSignal</name>
         <load_address>0x3f40</load_address>
         <run_address>0x3f40</run_address>
         <size>0x130</size>
         <input_file_ref idref="fl-110"/>
      </object_component>
      <object_component id="oc-5e1">
         <name>.text:fcvt</name>
         <load_address>0x4070</load_address>
         <run_address>0x4070</run_address>
         <size>0x124</size>
         <input_file_ref idref="fl-cf"/>
      </object_component>
      <object_component id="oc-110">
         <name>.text</name>
         <load_address>0x4194</load_address>
         <run_address>0x4194</run_address>
         <size>0x118</size>
         <input_file_ref idref="fl-4"/>
      </object_component>
      <object_component id="oc-54c">
         <name>.text:fputs</name>
         <load_address>0x42ac</load_address>
         <run_address>0x42ac</run_address>
         <size>0x114</size>
         <input_file_ref idref="fl-d2"/>
      </object_component>
      <object_component id="oc-f1">
         <name>.text:Graphics_fillRectangle</name>
         <load_address>0x43c0</load_address>
         <run_address>0x43c0</run_address>
         <size>0x112</size>
         <input_file_ref idref="fl-121"/>
      </object_component>
      <object_component id="oc-449">
         <name>.text:scalbn</name>
         <load_address>0x44d4</load_address>
         <run_address>0x44d4</run_address>
         <size>0x110</size>
         <input_file_ref idref="fl-cd"/>
      </object_component>
      <object_component id="oc-31b">
         <name>.text:__PCM_setCoreVoltageLevelAdvanced</name>
         <load_address>0x45e4</load_address>
         <run_address>0x45e4</run_address>
         <size>0x108</size>
         <input_file_ref idref="fl-115"/>
      </object_component>
      <object_component id="oc-74e">
         <name>.text:aligned_alloc</name>
         <load_address>0x46ec</load_address>
         <run_address>0x46ec</run_address>
         <size>0x100</size>
         <input_file_ref idref="fl-eb"/>
      </object_component>
      <object_component id="oc-d0">
         <name>.text</name>
         <load_address>0x47ec</load_address>
         <run_address>0x47ec</run_address>
         <size>0xfc</size>
         <input_file_ref idref="fl-d8"/>
      </object_component>
      <object_component id="oc-1f5">
         <name>.text:Graphics_getStringWidth</name>
         <load_address>0x48e8</load_address>
         <run_address>0x48e8</run_address>
         <size>0xfa</size>
         <input_file_ref idref="fl-122"/>
      </object_component>
      <object_component id="oc-70c">
         <name>.text:free</name>
         <load_address>0x49e4</load_address>
         <run_address>0x49e4</run_address>
         <size>0xe4</size>
         <input_file_ref idref="fl-eb"/>
      </object_component>
      <object_component id="oc-6da">
         <name>.text:setvbuf</name>
         <load_address>0x4ac8</load_address>
         <run_address>0x4ac8</run_address>
         <size>0xdc</size>
         <input_file_ref idref="fl-d4"/>
      </object_component>
      <object_component id="oc-4fa">
         <name>.text</name>
         <load_address>0x4ba4</load_address>
         <run_address>0x4ba4</run_address>
         <size>0xcc</size>
         <input_file_ref idref="fl-f"/>
      </object_component>
      <object_component id="oc-146">
         <name>.text</name>
         <load_address>0x4c70</load_address>
         <run_address>0x4c70</run_address>
         <size>0xbc</size>
         <input_file_ref idref="fl-8"/>
      </object_component>
      <object_component id="oc-235">
         <name>.text:ADC14_configureConversionMemory</name>
         <load_address>0x4d2c</load_address>
         <run_address>0x4d2c</run_address>
         <size>0xb4</size>
         <input_file_ref idref="fl-10f"/>
      </object_component>
      <object_component id="oc-492">
         <name>.text:_ltostr</name>
         <load_address>0x4de0</load_address>
         <run_address>0x4de0</run_address>
         <size>0xb1</size>
         <input_file_ref idref="fl-cf"/>
      </object_component>
      <object_component id="oc-62e">
         <name>.text:SPI_initMaster</name>
         <load_address>0x4e92</load_address>
         <run_address>0x4e92</run_address>
         <size>0xb0</size>
         <input_file_ref idref="fl-117"/>
      </object_component>
      <object_component id="oc-41b">
         <name>.text:Graphics_drawLineH</name>
         <load_address>0x4f42</load_address>
         <run_address>0x4f42</run_address>
         <size>0x9c</size>
         <input_file_ref idref="fl-123"/>
      </object_component>
      <object_component id="oc-3a">
         <name>.text</name>
         <load_address>0x4fde</load_address>
         <run_address>0x4fde</run_address>
         <size>0x9c</size>
         <input_file_ref idref="fl-dd"/>
      </object_component>
      <object_component id="oc-5c8">
         <name>.text</name>
         <load_address>0x507a</load_address>
         <run_address>0x507a</run_address>
         <size>0x96</size>
         <input_file_ref idref="fl-df"/>
      </object_component>
      <object_component id="oc-553">
         <name>.text:fputc</name>
         <load_address>0x5110</load_address>
         <run_address>0x5110</run_address>
         <size>0x8c</size>
         <input_file_ref idref="fl-d1"/>
      </object_component>
      <object_component id="oc-229">
         <name>.text:GPIO_setAsPeripheralModuleFunctionInputPin</name>
         <load_address>0x519c</load_address>
         <run_address>0x519c</run_address>
         <size>0x88</size>
         <input_file_ref idref="fl-112"/>
      </object_component>
      <object_component id="oc-2b0">
         <name>.text:GPIO_setAsPeripheralModuleFunctionOutputPin</name>
         <load_address>0x5224</load_address>
         <run_address>0x5224</run_address>
         <size>0x88</size>
         <input_file_ref idref="fl-112"/>
      </object_component>
      <object_component id="oc-43f">
         <name>.text:__aeabi_cdcmple</name>
         <load_address>0x52ac</load_address>
         <run_address>0x52ac</run_address>
         <size>0x86</size>
         <input_file_ref idref="fl-d6"/>
      </object_component>
      <object_component id="oc-444">
         <name>.text:__aeabi_cdrcmple</name>
         <load_address>0x5332</load_address>
         <run_address>0x5332</run_address>
         <size>0x86</size>
         <input_file_ref idref="fl-d6"/>
      </object_component>
      <object_component id="oc-161">
         <name>.text:GPIO_getEnabledInterruptStatus</name>
         <load_address>0x53b8</load_address>
         <run_address>0x53b8</run_address>
         <size>0x84</size>
         <input_file_ref idref="fl-112"/>
      </object_component>
      <object_component id="oc-3bb">
         <name>.text:Interrupt_enableInterrupt</name>
         <load_address>0x543c</load_address>
         <run_address>0x543c</run_address>
         <size>0x80</size>
         <input_file_ref idref="fl-114"/>
      </object_component>
      <object_component id="oc-94">
         <name>.text</name>
         <load_address>0x54bc</load_address>
         <run_address>0x54bc</run_address>
         <size>0x7a</size>
         <input_file_ref idref="fl-de"/>
      </object_component>
      <object_component id="oc-259">
         <name>.text:Timer_A_generatePWM</name>
         <load_address>0x5538</load_address>
         <run_address>0x5538</run_address>
         <size>0x74</size>
         <input_file_ref idref="fl-11b"/>
      </object_component>
      <object_component id="oc-755">
         <name>.text:__TI_closefile</name>
         <load_address>0x55ac</load_address>
         <run_address>0x55ac</run_address>
         <size>0x74</size>
         <input_file_ref idref="fl-107"/>
      </object_component>
      <object_component id="oc-796">
         <name>.text:split</name>
         <load_address>0x5620</load_address>
         <run_address>0x5620</run_address>
         <size>0x70</size>
         <input_file_ref idref="fl-eb"/>
      </object_component>
      <object_component id="oc-5da">
         <name>.text:_mcpy</name>
         <load_address>0x5690</load_address>
         <run_address>0x5690</run_address>
         <size>0x6e</size>
         <input_file_ref idref="fl-cf"/>
      </object_component>
      <object_component id="oc-da">
         <name>.text</name>
         <load_address>0x56fe</load_address>
         <run_address>0x56fe</run_address>
         <size>0x6e</size>
         <input_file_ref idref="fl-da"/>
      </object_component>
      <object_component id="oc-785">
         <name>.text:HOSTrename</name>
         <load_address>0x576c</load_address>
         <run_address>0x576c</run_address>
         <size>0x6c</size>
         <input_file_ref idref="fl-101"/>
      </object_component>
      <object_component id="oc-304">
         <name>.text:I2C_masterSendMultiByteFinish</name>
         <load_address>0x57d8</load_address>
         <run_address>0x57d8</run_address>
         <size>0x6c</size>
         <input_file_ref idref="fl-113"/>
      </object_component>
      <object_component id="oc-779">
         <name>.text:HOSTlseek</name>
         <load_address>0x5844</load_address>
         <run_address>0x5844</run_address>
         <size>0x68</size>
         <input_file_ref idref="fl-fe"/>
      </object_component>
      <object_component id="oc-2da">
         <name>.text:I2C_masterSendMultiByteStart</name>
         <load_address>0x58ac</load_address>
         <run_address>0x58ac</run_address>
         <size>0x68</size>
         <input_file_ref idref="fl-113"/>
      </object_component>
      <object_component id="oc-35e">
         <name>.text:Timer32_initModule</name>
         <load_address>0x5914</load_address>
         <run_address>0x5914</run_address>
         <size>0x68</size>
         <input_file_ref idref="fl-11a"/>
      </object_component>
      <object_component id="oc-352">
         <name>.text:Timer_A_configureUpMode</name>
         <load_address>0x597c</load_address>
         <run_address>0x597c</run_address>
         <size>0x68</size>
         <input_file_ref idref="fl-11b"/>
      </object_component>
      <object_component id="oc-17">
         <name>.text:decompress:lzss:__TI_decompress_lzss</name>
         <load_address>0x59e4</load_address>
         <run_address>0x59e4</run_address>
         <size>0x68</size>
         <input_file_ref idref="fl-e2"/>
      </object_component>
      <object_component id="oc-152">
         <name>.text:printf</name>
         <load_address>0x5a4c</load_address>
         <run_address>0x5a4c</run_address>
         <size>0x68</size>
         <input_file_ref idref="fl-ce"/>
      </object_component>
      <object_component id="oc-5ef">
         <name>.text:frexp</name>
         <load_address>0x5ab4</load_address>
         <run_address>0x5ab4</run_address>
         <size>0x64</size>
         <input_file_ref idref="fl-f4"/>
      </object_component>
      <object_component id="oc-6d4">
         <name>.text:fseek</name>
         <load_address>0x5b18</load_address>
         <run_address>0x5b18</run_address>
         <size>0x64</size>
         <input_file_ref idref="fl-f7"/>
      </object_component>
      <object_component id="oc-2b6">
         <name>.text:I2C_initMaster</name>
         <load_address>0x5b7c</load_address>
         <run_address>0x5b7c</run_address>
         <size>0x62</size>
         <input_file_ref idref="fl-113"/>
      </object_component>
      <object_component id="oc-659">
         <name>.text:__TI_wrt_ok</name>
         <load_address>0x5bde</load_address>
         <run_address>0x5bde</run_address>
         <size>0x62</size>
         <input_file_ref idref="fl-d3"/>
      </object_component>
      <object_component id="oc-761">
         <name>.text:HOSTopen</name>
         <load_address>0x5c40</load_address>
         <run_address>0x5c40</run_address>
         <size>0x60</size>
         <input_file_ref idref="fl-ff"/>
      </object_component>
      <object_component id="oc-4e7">
         <name>.text:PCM_getCoreVoltageLevel</name>
         <load_address>0x5ca0</load_address>
         <run_address>0x5ca0</run_address>
         <size>0x5e</size>
         <input_file_ref idref="fl-115"/>
      </object_component>
      <object_component id="oc-79d">
         <name>.text:close</name>
         <load_address>0x5d00</load_address>
         <run_address>0x5d00</run_address>
         <size>0x5c</size>
         <input_file_ref idref="fl-10d"/>
      </object_component>
      <object_component id="oc-4e1">
         <name>.text:PCM_getPowerMode</name>
         <load_address>0x5d5c</load_address>
         <run_address>0x5d5c</run_address>
         <size>0x5a</size>
         <input_file_ref idref="fl-115"/>
      </object_component>
      <object_component id="oc-22f">
         <name>.text:ADC14_configureSingleSampleMode</name>
         <load_address>0x5db8</load_address>
         <run_address>0x5db8</run_address>
         <size>0x58</size>
         <input_file_ref idref="fl-10f"/>
      </object_component>
      <object_component id="oc-3a9">
         <name>.text:GPIO_setAsInputPinWithPullUpResistor</name>
         <load_address>0x5e10</load_address>
         <run_address>0x5e10</run_address>
         <size>0x58</size>
         <input_file_ref idref="fl-112"/>
      </object_component>
      <object_component id="oc-76d">
         <name>.text:HOSTread</name>
         <load_address>0x5e68</load_address>
         <run_address>0x5e68</run_address>
         <size>0x58</size>
         <input_file_ref idref="fl-100"/>
      </object_component>
      <object_component id="oc-773">
         <name>.text:HOSTwrite</name>
         <load_address>0x5ec0</load_address>
         <run_address>0x5ec0</run_address>
         <size>0x58</size>
         <input_file_ref idref="fl-103"/>
      </object_component>
      <object_component id="oc-49e">
         <name>.text:_pconv_f</name>
         <load_address>0x5f18</load_address>
         <run_address>0x5f18</run_address>
         <size>0x56</size>
         <input_file_ref idref="fl-cf"/>
      </object_component>
      <object_component id="oc-21d">
         <name>.text:ADC14_initModule</name>
         <load_address>0x5f70</load_address>
         <run_address>0x5f70</run_address>
         <size>0x54</size>
         <input_file_ref idref="fl-10f"/>
      </object_component>
      <object_component id="oc-14c">
         <name>.text</name>
         <load_address>0x5fc4</load_address>
         <run_address>0x5fc4</run_address>
         <size>0x54</size>
         <input_file_ref idref="fl-2"/>
      </object_component>
      <object_component id="oc-5ce">
         <name>.text:__TI_ltoa</name>
         <load_address>0x6018</load_address>
         <run_address>0x6018</run_address>
         <size>0x54</size>
         <input_file_ref idref="fl-e5"/>
      </object_component>
      <object_component id="oc-330">
         <name>.text:Graphics_initContext</name>
         <load_address>0x606c</load_address>
         <run_address>0x606c</run_address>
         <size>0x52</size>
         <input_file_ref idref="fl-11e"/>
      </object_component>
      <object_component id="oc-5d4">
         <name>.text:_ecpy</name>
         <load_address>0x60be</load_address>
         <run_address>0x60be</run_address>
         <size>0x52</size>
         <input_file_ref idref="fl-cf"/>
      </object_component>
      <object_component id="oc-15b">
         <name>.text:Timer_A_initCompare</name>
         <load_address>0x6110</load_address>
         <run_address>0x6110</run_address>
         <size>0x4e</size>
         <input_file_ref idref="fl-11b"/>
      </object_component>
      <object_component id="oc-665">
         <name>.text:__TI_doflush</name>
         <load_address>0x615e</load_address>
         <run_address>0x615e</run_address>
         <size>0x4c</size>
         <input_file_ref idref="fl-f5"/>
      </object_component>
      <object_component id="oc-48c">
         <name>.text:atoi</name>
         <load_address>0x61ac</load_address>
         <run_address>0x61ac</run_address>
         <size>0x4c</size>
         <input_file_ref idref="fl-e6"/>
      </object_component>
      <object_component id="oc-134">
         <name>.text</name>
         <load_address>0x61f8</load_address>
         <run_address>0x61f8</run_address>
         <size>0x4c</size>
         <input_file_ref idref="fl-9"/>
      </object_component>
      <object_component id="oc-223">
         <name>.text:ADC14_setSampleHoldTrigger</name>
         <load_address>0x6244</load_address>
         <run_address>0x6244</run_address>
         <size>0x48</size>
         <input_file_ref idref="fl-10f"/>
      </object_component>
      <object_component id="oc-122">
         <name>.text:FlashCtl_setWaitState</name>
         <load_address>0x628c</load_address>
         <run_address>0x628c</run_address>
         <size>0x48</size>
         <input_file_ref idref="fl-111"/>
      </object_component>
      <object_component id="oc-bf">
         <name>.text:Graphics_drawStringCentered</name>
         <load_address>0x62d4</load_address>
         <run_address>0x62d4</run_address>
         <size>0x48</size>
         <input_file_ref idref="fl-122"/>
      </object_component>
      <object_component id="oc-1ac">
         <name>.text:exit</name>
         <load_address>0x631c</load_address>
         <run_address>0x631c</run_address>
         <size>0x48</size>
         <input_file_ref idref="fl-e3"/>
      </object_component>
      <object_component id="oc-37c">
         <name>.text</name>
         <load_address>0x6364</load_address>
         <run_address>0x6364</run_address>
         <size>0x48</size>
         <input_file_ref idref="fl-d9"/>
      </object_component>
      <object_component id="oc-767">
         <name>.text:HOSTclose</name>
         <load_address>0x63ac</load_address>
         <run_address>0x63ac</run_address>
         <size>0x44</size>
         <input_file_ref idref="fl-fd"/>
      </object_component>
      <object_component id="oc-77f">
         <name>.text:HOSTunlink</name>
         <load_address>0x63f0</load_address>
         <run_address>0x63f0</run_address>
         <size>0x44</size>
         <input_file_ref idref="fl-102"/>
      </object_component>
      <object_component id="oc-1b2">
         <name>.text:__TI_auto_init_nobinit_nopinit:__TI_auto_init_nobinit_nopinit</name>
         <load_address>0x6434</load_address>
         <run_address>0x6434</run_address>
         <size>0x44</size>
         <input_file_ref idref="fl-f9"/>
      </object_component>
      <object_component id="oc-7d5">
         <name>.text:getdevice</name>
         <load_address>0x6478</load_address>
         <run_address>0x6478</run_address>
         <size>0x44</size>
         <input_file_ref idref="fl-108"/>
      </object_component>
      <object_component id="oc-38f">
         <name>.text:GPIO_setAsOutputPin</name>
         <load_address>0x64bc</load_address>
         <run_address>0x64bc</run_address>
         <size>0x40</size>
         <input_file_ref idref="fl-112"/>
      </object_component>
      <object_component id="oc-415">
         <name>.text:Graphics_getNumberOfLeadingZeros</name>
         <load_address>0x64fc</load_address>
         <run_address>0x64fc</run_address>
         <size>0x40</size>
         <input_file_ref idref="fl-122"/>
      </object_component>
      <object_component id="oc-2f8">
         <name>.text:I2C_masterReceiveMultiByteFinish</name>
         <load_address>0x653c</load_address>
         <run_address>0x653c</run_address>
         <size>0x40</size>
         <input_file_ref idref="fl-113"/>
      </object_component>
      <object_component id="oc-6ba">
         <name>.text:is_A_Module</name>
         <load_address>0x657c</load_address>
         <run_address>0x657c</run_address>
         <size>0x40</size>
         <input_file_ref idref="fl-117"/>
      </object_component>
      <object_component id="oc-104">
         <name>.text:sprintf</name>
         <load_address>0x65bc</load_address>
         <run_address>0x65bc</run_address>
         <size>0x40</size>
         <input_file_ref idref="fl-d0"/>
      </object_component>
      <object_component id="oc-5e7">
         <name>.text:_fcpy</name>
         <load_address>0x65fc</load_address>
         <run_address>0x65fc</run_address>
         <size>0x3e</size>
         <input_file_ref idref="fl-cf"/>
      </object_component>
      <object_component id="oc-3af">
         <name>.text:GPIO_interruptEdgeSelect</name>
         <load_address>0x663c</load_address>
         <run_address>0x663c</run_address>
         <size>0x3c</size>
         <input_file_ref idref="fl-112"/>
      </object_component>
      <object_component id="oc-2e6">
         <name>.text:I2C_masterSendMultiByteStop</name>
         <load_address>0x6678</load_address>
         <run_address>0x6678</run_address>
         <size>0x38</size>
         <input_file_ref idref="fl-113"/>
      </object_component>
      <object_component id="oc-36a">
         <name>.text:Timer32_startTimer</name>
         <load_address>0x66b0</load_address>
         <run_address>0x66b0</run_address>
         <size>0x38</size>
         <input_file_ref idref="fl-11a"/>
      </object_component>
      <object_component id="oc-7ae">
         <name>.text:__TI_writemsg</name>
         <load_address>0x66e8</load_address>
         <run_address>0x66e8</run_address>
         <size>0x38</size>
         <input_file_ref idref="fl-104"/>
      </object_component>
      <object_component id="oc-ff">
         <name>.text</name>
         <load_address>0x6720</load_address>
         <run_address>0x6720</run_address>
         <size>0x38</size>
         <input_file_ref idref="fl-db"/>
      </object_component>
      <object_component id="oc-590">
         <name>.text:Graphics_drawHorizontalLineOnDisplay</name>
         <load_address>0x6758</load_address>
         <run_address>0x6758</run_address>
         <size>0x36</size>
         <input_file_ref idref="fl-11f"/>
      </object_component>
      <object_component id="oc-7f7">
         <name>.text:strncpy</name>
         <load_address>0x678e</load_address>
         <run_address>0x678e</run_address>
         <size>0x36</size>
         <input_file_ref idref="fl-10b"/>
      </object_component>
      <object_component id="oc-128">
         <name>.text:CS_setDCOCenteredFrequency</name>
         <load_address>0x67c4</load_address>
         <run_address>0x67c4</run_address>
         <size>0x34</size>
         <input_file_ref idref="fl-110"/>
      </object_component>
      <object_component id="oc-2fe">
         <name>.text:I2C_masterSendMultiByteNext</name>
         <load_address>0x67f8</load_address>
         <run_address>0x67f8</run_address>
         <size>0x34</size>
         <input_file_ref idref="fl-113"/>
      </object_component>
      <object_component id="oc-364">
         <name>.text:Timer32_setCount</name>
         <load_address>0x682c</load_address>
         <run_address>0x682c</run_address>
         <size>0x34</size>
         <input_file_ref idref="fl-11a"/>
      </object_component>
      <object_component id="oc-718">
         <name>.text:__TI_cleanup</name>
         <load_address>0x6860</load_address>
         <run_address>0x6860</run_address>
         <size>0x34</size>
         <input_file_ref idref="fl-f6"/>
      </object_component>
      <object_component id="oc-7b4">
         <name>.text:__TI_readmsg</name>
         <load_address>0x6894</load_address>
         <run_address>0x6894</run_address>
         <size>0x34</size>
         <input_file_ref idref="fl-104"/>
      </object_component>
      <object_component id="oc-58">
         <name>.text:_c_int00_noargs:_c_int00_noargs</name>
         <load_address>0x68c8</load_address>
         <run_address>0x68c8</run_address>
         <size>0x34</size>
         <input_file_ref idref="fl-ee"/>
      </object_component>
      <object_component id="oc-23b">
         <name>.text:ADC14_enableInterrupt</name>
         <load_address>0x68fc</load_address>
         <run_address>0x68fc</run_address>
         <size>0x30</size>
         <input_file_ref idref="fl-10f"/>
      </object_component>
      <object_component id="oc-7fd">
         <name>.text:finddevice</name>
         <load_address>0x692c</load_address>
         <run_address>0x692c</run_address>
         <size>0x30</size>
         <input_file_ref idref="fl-108"/>
      </object_component>
      <object_component id="oc-140">
         <name>.text</name>
         <load_address>0x695c</load_address>
         <run_address>0x695c</run_address>
         <size>0x30</size>
         <input_file_ref idref="fl-a"/>
      </object_component>
      <object_component id="oc-203">
         <name>.text</name>
         <load_address>0x698c</load_address>
         <run_address>0x698c</run_address>
         <size>0x2e</size>
         <input_file_ref idref="fl-dc"/>
      </object_component>
      <object_component id="oc-24d">
         <name>.text:ADC14_getInterruptStatus</name>
         <load_address>0x69bc</load_address>
         <run_address>0x69bc</run_address>
         <size>0x2c</size>
         <input_file_ref idref="fl-10f"/>
      </object_component>
      <object_component id="oc-247">
         <name>.text:ADC14_toggleConversionTrigger</name>
         <load_address>0x69e8</load_address>
         <run_address>0x69e8</run_address>
         <size>0x2c</size>
         <input_file_ref idref="fl-10f"/>
      </object_component>
      <object_component id="oc-421">
         <name>.text:Graphics_drawPixelOnDisplay</name>
         <load_address>0x6a14</load_address>
         <run_address>0x6a14</run_address>
         <size>0x2c</size>
         <input_file_ref idref="fl-11f"/>
      </object_component>
      <object_component id="oc-7a3">
         <name>.text:unlink</name>
         <load_address>0x6a40</load_address>
         <run_address>0x6a40</run_address>
         <size>0x2c</size>
         <input_file_ref idref="fl-10e"/>
      </object_component>
      <object_component id="oc-241">
         <name>.text:ADC14_enableConversion</name>
         <load_address>0x6a6c</load_address>
         <run_address>0x6a6c</run_address>
         <size>0x28</size>
         <input_file_ref idref="fl-10f"/>
      </object_component>
      <object_component id="oc-253">
         <name>.text:ADC14_getResult</name>
         <load_address>0x6a94</load_address>
         <run_address>0x6a94</run_address>
         <size>0x28</size>
         <input_file_ref idref="fl-10f"/>
      </object_component>
      <object_component id="oc-167">
         <name>.text:GPIO_clearInterruptFlag</name>
         <load_address>0x6abc</load_address>
         <run_address>0x6abc</run_address>
         <size>0x28</size>
         <input_file_ref idref="fl-112"/>
      </object_component>
      <object_component id="oc-3b5">
         <name>.text:GPIO_enableInterrupt</name>
         <load_address>0x6ae4</load_address>
         <run_address>0x6ae4</run_address>
         <size>0x28</size>
         <input_file_ref idref="fl-112"/>
      </object_component>
      <object_component id="oc-395">
         <name>.text:GPIO_setOutputHighOnPin</name>
         <load_address>0x6b0c</load_address>
         <run_address>0x6b0c</run_address>
         <size>0x28</size>
         <input_file_ref idref="fl-112"/>
      </object_component>
      <object_component id="oc-39b">
         <name>.text:GPIO_setOutputLowOnPin</name>
         <load_address>0x6b34</load_address>
         <run_address>0x6b34</run_address>
         <size>0x28</size>
         <input_file_ref idref="fl-112"/>
      </object_component>
      <object_component id="oc-3a1">
         <name>.text:GPIO_toggleOutputOnPin</name>
         <load_address>0x6b5c</load_address>
         <run_address>0x6b5c</run_address>
         <size>0x28</size>
         <input_file_ref idref="fl-112"/>
      </object_component>
      <object_component id="oc-747">
         <name>.text:free_list_insert</name>
         <load_address>0x6b84</load_address>
         <run_address>0x6b84</run_address>
         <size>0x28</size>
         <input_file_ref idref="fl-eb"/>
      </object_component>
      <object_component id="oc-704">
         <name>.text:lseek</name>
         <load_address>0x6bac</load_address>
         <run_address>0x6bac</run_address>
         <size>0x28</size>
         <input_file_ref idref="fl-106"/>
      </object_component>
      <object_component id="oc-66b">
         <name>.text:write</name>
         <load_address>0x6bd4</load_address>
         <run_address>0x6bd4</run_address>
         <size>0x28</size>
         <input_file_ref idref="fl-ef"/>
      </object_component>
      <object_component id="oc-3da">
         <name>.text:GPIO_getInterruptStatus</name>
         <load_address>0x6bfc</load_address>
         <run_address>0x6bfc</run_address>
         <size>0x24</size>
         <input_file_ref idref="fl-112"/>
      </object_component>
      <object_component id="oc-b3">
         <name>.text:WDT_A_holdTimer</name>
         <load_address>0x6c20</load_address>
         <run_address>0x6c20</run_address>
         <size>0x24</size>
         <input_file_ref idref="fl-11c"/>
      </object_component>
      <object_component id="oc-65f">
         <name>.text:memchr</name>
         <load_address>0x6c44</load_address>
         <run_address>0x6c44</run_address>
         <size>0x20</size>
         <input_file_ref idref="fl-ea"/>
      </object_component>
      <object_component id="oc-26c">
         <name>.text:Graphics_fillRectangleOnDisplay</name>
         <load_address>0x6c64</load_address>
         <run_address>0x6c64</run_address>
         <size>0x1e</size>
         <input_file_ref idref="fl-11f"/>
      </object_component>
      <object_component id="oc-2c8">
         <name>.text:I2C_setMode</name>
         <load_address>0x6c82</load_address>
         <run_address>0x6c82</run_address>
         <size>0x1c</size>
         <input_file_ref idref="fl-113"/>
      </object_component>
      <object_component id="oc-634">
         <name>.text:SPI_enableModule</name>
         <load_address>0x6c9e</load_address>
         <run_address>0x6c9e</run_address>
         <size>0x1c</size>
         <input_file_ref idref="fl-117"/>
      </object_component>
      <object_component id="oc-46">
         <name>.text:decompress:ZI:__TI_zero_init_nomemset:__TI_zero_init_nomemset</name>
         <load_address>0x6cba</load_address>
         <run_address>0x6cba</run_address>
         <size>0x1c</size>
         <input_file_ref idref="fl-e0"/>
      </object_component>
      <object_component id="oc-741">
         <name>.text:free_list_remove</name>
         <load_address>0x6cd8</load_address>
         <run_address>0x6cd8</run_address>
         <size>0x1c</size>
         <input_file_ref idref="fl-eb"/>
      </object_component>
      <object_component id="oc-4b0">
         <name>.text:memccpy</name>
         <load_address>0x6cf4</load_address>
         <run_address>0x6cf4</run_address>
         <size>0x1c</size>
         <input_file_ref idref="fl-e9"/>
      </object_component>
      <object_component id="oc-510">
         <name>.text:Graphics_clearDisplayOnDisplay</name>
         <load_address>0x6d10</load_address>
         <run_address>0x6d10</run_address>
         <size>0x1a</size>
         <input_file_ref idref="fl-11f"/>
      </object_component>
      <object_component id="oc-336">
         <name>.text:Graphics_setBackgroundColor</name>
         <load_address>0x6d2a</load_address>
         <run_address>0x6d2a</run_address>
         <size>0x1a</size>
         <input_file_ref idref="fl-11e"/>
      </object_component>
      <object_component id="oc-33c">
         <name>.text:Graphics_setFont</name>
         <load_address>0x6d44</load_address>
         <run_address>0x6d44</run_address>
         <size>0x1a</size>
         <input_file_ref idref="fl-11e"/>
      </object_component>
      <object_component id="oc-2ec">
         <name>.text:I2C_masterReceiveStart</name>
         <load_address>0x6d5e</load_address>
         <run_address>0x6d5e</run_address>
         <size>0x1a</size>
         <input_file_ref idref="fl-113"/>
      </object_component>
      <object_component id="oc-5a4">
         <name>.text:copysign</name>
         <load_address>0x6d78</load_address>
         <run_address>0x6d78</run_address>
         <size>0x1a</size>
         <input_file_ref idref="fl-f3"/>
      </object_component>
      <object_component id="oc-2e0">
         <name>.text:I2C_getInterruptStatus</name>
         <load_address>0x6d92</load_address>
         <run_address>0x6d92</run_address>
         <size>0x18</size>
         <input_file_ref idref="fl-113"/>
      </object_component>
      <object_component id="oc-2d4">
         <name>.text:I2C_isBusBusy</name>
         <load_address>0x6dac</load_address>
         <run_address>0x6dac</run_address>
         <size>0x18</size>
         <input_file_ref idref="fl-113"/>
      </object_component>
      <object_component id="oc-296">
         <name>.text:_outs</name>
         <load_address>0x6dc4</load_address>
         <run_address>0x6dc4</run_address>
         <size>0x18</size>
         <input_file_ref idref="fl-d0"/>
      </object_component>
      <object_component id="oc-814">
         <name>.text:strcmp</name>
         <load_address>0x6ddc</load_address>
         <run_address>0x6ddc</run_address>
         <size>0x18</size>
         <input_file_ref idref="fl-109"/>
      </object_component>
      <object_component id="oc-6c2">
         <name>.text:EUSCI_A_SPI_enable</name>
         <load_address>0x6df4</load_address>
         <run_address>0x6df4</run_address>
         <size>0x16</size>
         <input_file_ref idref="fl-117"/>
      </object_component>
      <object_component id="oc-6c8">
         <name>.text:EUSCI_B_SPI_enable</name>
         <load_address>0x6e0a</load_address>
         <run_address>0x6e0a</run_address>
         <size>0x16</size>
         <input_file_ref idref="fl-117"/>
      </object_component>
      <object_component id="oc-eb">
         <name>.text:Graphics_setForegroundColor</name>
         <load_address>0x6e20</load_address>
         <run_address>0x6e20</run_address>
         <size>0x16</size>
         <input_file_ref idref="fl-11e"/>
      </object_component>
      <object_component id="oc-264">
         <name>.text:Graphics_translateColorOnDisplay</name>
         <load_address>0x6e36</load_address>
         <run_address>0x6e36</run_address>
         <size>0x16</size>
         <input_file_ref idref="fl-11f"/>
      </object_component>
      <object_component id="oc-2ce">
         <name>.text:I2C_clearInterruptFlag</name>
         <load_address>0x6e4c</load_address>
         <run_address>0x6e4c</run_address>
         <size>0x16</size>
         <input_file_ref idref="fl-113"/>
      </object_component>
      <object_component id="oc-2bc">
         <name>.text:I2C_disableModule</name>
         <load_address>0x6e62</load_address>
         <run_address>0x6e62</run_address>
         <size>0x16</size>
         <input_file_ref idref="fl-113"/>
      </object_component>
      <object_component id="oc-2c2">
         <name>.text:I2C_enableModule</name>
         <load_address>0x6e78</load_address>
         <run_address>0x6e78</run_address>
         <size>0x16</size>
         <input_file_ref idref="fl-113"/>
      </object_component>
      <object_component id="oc-358">
         <name>.text:Timer_A_startCounter</name>
         <load_address>0x6e8e</load_address>
         <run_address>0x6e8e</run_address>
         <size>0x16</size>
         <input_file_ref idref="fl-11b"/>
      </object_component>
      <object_component id="oc-5f5">
         <name>.text:strchr</name>
         <load_address>0x6ea4</load_address>
         <run_address>0x6ea4</run_address>
         <size>0x16</size>
         <input_file_ref idref="fl-ec"/>
      </object_component>
      <object_component id="oc-2f2">
         <name>.text:I2C_masterReceiveMultiByteNext</name>
         <load_address>0x6eba</load_address>
         <run_address>0x6eba</run_address>
         <size>0x14</size>
         <input_file_ref idref="fl-113"/>
      </object_component>
      <object_component id="oc-30a">
         <name>.text:I2C_setSlaveAddress</name>
         <load_address>0x6ece</load_address>
         <run_address>0x6ece</run_address>
         <size>0x14</size>
         <input_file_ref idref="fl-113"/>
      </object_component>
      <object_component id="oc-4ed">
         <name>.text:PCM_getPowerState</name>
         <load_address>0x6ee4</load_address>
         <run_address>0x6ee4</run_address>
         <size>0x14</size>
         <input_file_ref idref="fl-115"/>
      </object_component>
      <object_component id="oc-376">
         <name>.text:Timer32_haltTimer</name>
         <load_address>0x6ef8</load_address>
         <run_address>0x6ef8</run_address>
         <size>0x14</size>
         <input_file_ref idref="fl-11a"/>
      </object_component>
      <object_component id="oc-7c8">
         <name>.text:strcpy</name>
         <load_address>0x6f0c</load_address>
         <run_address>0x6f0c</run_address>
         <size>0x14</size>
         <input_file_ref idref="fl-10a"/>
      </object_component>
      <object_component id="oc-486">
         <name>.text:strlen</name>
         <load_address>0x6f20</load_address>
         <run_address>0x6f20</run_address>
         <size>0x14</size>
         <input_file_ref idref="fl-ed"/>
      </object_component>
      <object_component id="oc-342">
         <name>.text:Graphics_clearDisplay</name>
         <load_address>0x6f34</load_address>
         <run_address>0x6f34</run_address>
         <size>0x12</size>
         <input_file_ref idref="fl-11e"/>
      </object_component>
      <object_component id="oc-4b6">
         <name>.text:wcslen</name>
         <load_address>0x6f46</load_address>
         <run_address>0x6f46</run_address>
         <size>0x12</size>
         <input_file_ref idref="fl-f2"/>
      </object_component>
      <object_component id="oc-45c">
         <name>.text:ADCIsConversionRunning</name>
         <load_address>0x6f58</load_address>
         <run_address>0x6f58</run_address>
         <size>0x10</size>
         <input_file_ref idref="fl-10f"/>
      </object_component>
      <object_component id="oc-116">
         <name>.text:Interrupt_disableMaster</name>
         <load_address>0x6f68</load_address>
         <run_address>0x6f68</run_address>
         <size>0x10</size>
         <input_file_ref idref="fl-114"/>
      </object_component>
      <object_component id="oc-b9">
         <name>.text:Interrupt_enableMaster</name>
         <load_address>0x6f78</load_address>
         <run_address>0x6f78</run_address>
         <size>0x10</size>
         <input_file_ref idref="fl-114"/>
      </object_component>
      <object_component id="oc-11c">
         <name>.text:PCM_setCoreVoltageLevel</name>
         <load_address>0x6f88</load_address>
         <run_address>0x6f88</run_address>
         <size>0x10</size>
         <input_file_ref idref="fl-115"/>
      </object_component>
      <object_component id="oc-4f3">
         <name>.text:PCM_setPowerMode</name>
         <load_address>0x6f98</load_address>
         <run_address>0x6f98</run_address>
         <size>0x10</size>
         <input_file_ref idref="fl-115"/>
      </object_component>
      <object_component id="oc-370">
         <name>.text:Timer32_getValue</name>
         <load_address>0x6fa8</load_address>
         <run_address>0x6fa8</run_address>
         <size>0xe</size>
         <input_file_ref idref="fl-11a"/>
      </object_component>
      <object_component id="oc-1d">
         <name>.text:decompress:none:__TI_decompress_none</name>
         <load_address>0x6fb6</load_address>
         <run_address>0x6fb6</run_address>
         <size>0xe</size>
         <input_file_ref idref="fl-e1"/>
      </object_component>
      <object_component id="oc-6a">
         <name>.text</name>
         <load_address>0x6fc4</load_address>
         <run_address>0x6fc4</run_address>
         <size>0xe</size>
         <input_file_ref idref="fl-c"/>
      </object_component>
      <object_component id="oc-217">
         <name>.text:ADC14_enableModule</name>
         <load_address>0x6fd4</load_address>
         <run_address>0x6fd4</run_address>
         <size>0xc</size>
         <input_file_ref idref="fl-10f"/>
      </object_component>
      <object_component id="oc-314">
         <name>.text:CPU_cpsid</name>
         <load_address>0x6fe0</load_address>
         <run_address>0x6fe0</run_address>
         <size>0xc</size>
         <input_file_ref idref="fl-11d"/>
      </object_component>
      <object_component id="oc-1ee">
         <name>.text:CPU_cpsie</name>
         <load_address>0x6fec</load_address>
         <run_address>0x6fec</run_address>
         <size>0xc</size>
         <input_file_ref idref="fl-11d"/>
      </object_component>
      <object_component id="oc-29c">
         <name>.text:_outc</name>
         <load_address>0x6ff8</load_address>
         <run_address>0x6ff8</run_address>
         <size>0xa</size>
         <input_file_ref idref="fl-d0"/>
      </object_component>
      <object_component id="oc-436">
         <name>.text:__aeabi_errno_addr</name>
         <load_address>0x7004</load_address>
         <run_address>0x7004</run_address>
         <size>0x8</size>
         <input_file_ref idref="fl-f1"/>
      </object_component>
      <object_component id="oc-712">
         <name>.text:malloc</name>
         <load_address>0x700c</load_address>
         <run_address>0x700c</run_address>
         <size>0x8</size>
         <input_file_ref idref="fl-eb"/>
      </object_component>
      <object_component id="oc-3ce">
         <name>.text:_outc</name>
         <load_address>0x7014</load_address>
         <run_address>0x7014</run_address>
         <size>0x4</size>
         <input_file_ref idref="fl-ce"/>
      </object_component>
      <object_component id="oc-3c8">
         <name>.text:_outs</name>
         <load_address>0x7018</load_address>
         <run_address>0x7018</run_address>
         <size>0x4</size>
         <input_file_ref idref="fl-ce"/>
      </object_component>
      <object_component id="oc-9a">
         <name>.text:_system_pre_init</name>
         <load_address>0x701c</load_address>
         <run_address>0x701c</run_address>
         <size>0x4</size>
         <input_file_ref idref="fl-fa"/>
      </object_component>
      <object_component id="oc-1a6">
         <name>.text:abort:abort</name>
         <load_address>0x7020</load_address>
         <run_address>0x7020</run_address>
         <size>0x4</size>
         <input_file_ref idref="fl-e3"/>
      </object_component>
      <object_component id="oc-384">
         <name>.const:$P$T0$1</name>
         <load_address>0x7028</load_address>
         <run_address>0x7028</run_address>
         <size>0x538</size>
         <input_file_ref idref="fl-3"/>
      </object_component>
      <object_component id="oc-51b">
         <name>.const:.string:g_pucFontFixed6x8Data</name>
         <load_address>0x7560</load_address>
         <run_address>0x7560</run_address>
         <size>0x2f8</size>
         <input_file_ref idref="fl-120"/>
      </object_component>
      <object_component id="oc-387">
         <name>.const:$P$T1$2</name>
         <load_address>0x7858</load_address>
         <run_address>0x7858</run_address>
         <size>0x29c</size>
         <input_file_ref idref="fl-3"/>
      </object_component>
      <object_component id="oc-5c3">
         <name>.const:.string:_ctypes_</name>
         <load_address>0x7af4</load_address>
         <run_address>0x7af4</run_address>
         <size>0x101</size>
         <input_file_ref idref="fl-e7"/>
      </object_component>
      <object_component id="oc-34e">
         <name>.const:g_sFontFixed6x8</name>
         <load_address>0x7bf8</load_address>
         <run_address>0x7bf8</run_address>
         <size>0xc8</size>
         <input_file_ref idref="fl-120"/>
      </object_component>
      <object_component id="oc-46c">
         <name>.const:_ctlRegs</name>
         <load_address>0x7cc0</load_address>
         <run_address>0x7cc0</run_address>
         <size>0x80</size>
         <input_file_ref idref="fl-10f"/>
      </object_component>
      <object_component id="oc-43c">
         <name>.const:$O1$$</name>
         <load_address>0x7d40</load_address>
         <run_address>0x7d40</run_address>
         <size>0x30</size>
         <input_file_ref idref="fl-cb"/>
      </object_component>
      <object_component id="oc-3e0">
         <name>.const:GPIO_PORT_TO_BASE</name>
         <load_address>0x7d70</load_address>
         <run_address>0x7d70</run_address>
         <size>0x30</size>
         <input_file_ref idref="fl-112"/>
      </object_component>
      <object_component id="oc-34b">
         <name>.const:g_sCrystalfontz128x128_funcs</name>
         <load_address>0x7da0</load_address>
         <run_address>0x7da0</run_address>
         <size>0x20</size>
         <input_file_ref idref="fl-e"/>
      </object_component>
      <object_component id="oc-63a">
         <name>.const:$P$T0$1</name>
         <load_address>0x7dc0</load_address>
         <run_address>0x7dc0</run_address>
         <size>0x1c</size>
         <input_file_ref idref="fl-f"/>
      </object_component>
      <object_component id="oc-381">
         <name>.const:upConfig</name>
         <load_address>0x7ddc</load_address>
         <run_address>0x7ddc</run_address>
         <size>0x18</size>
         <input_file_ref idref="fl-3"/>
      </object_component>
      <object_component id="oc-310">
         <name>.const:i2cConfig</name>
         <load_address>0x7df4</load_address>
         <run_address>0x7df4</run_address>
         <size>0x14</size>
         <input_file_ref idref="fl-4"/>
      </object_component>
      <object_component id="oc-509">
         <name>.const:$P$T0$1</name>
         <load_address>0x7e08</load_address>
         <run_address>0x7e08</run_address>
         <size>0x8</size>
         <input_file_ref idref="fl-e"/>
      </object_component>
      <object_component id="oc-158">
         <name>.const:$P$T0$1</name>
         <load_address>0x7e10</load_address>
         <run_address>0x7e10</run_address>
         <size>0x8</size>
         <input_file_ref idref="fl-b"/>
      </object_component>
      <object_component id="oc-16d">
         <name>.const:$P$T1$2</name>
         <load_address>0x7e18</load_address>
         <run_address>0x7e18</run_address>
         <size>0x8</size>
         <input_file_ref idref="fl-b"/>
      </object_component>
[...]
         <value>0x68fd</value>
         <object_component_ref idref="oc-23b"/>
      </symbol>
      <symbol id="sm-bd0">
         <name>ADC14_getInterruptStatus</name>
         <value>0x69bd</value>
         <object_component_ref idref="oc-24d"/>
      </symbol>
      <symbol id="sm-bd1">
         <name>ADC14_enableConversion</name>
         <value>0x6a6d</value>
         <object_component_ref idref="oc-241"/>
      </symbol>
      <symbol id="sm-bd2">
         <name>ADC14_toggleConversionTrigger</name>
         <value>0x69e9</value>
         <object_component_ref idref="oc-247"/>
      </symbol>
      <symbol id="sm-bd3">
         <name>ADC14_initModule</name>
         <value>0x5f71</value>
         <object_component_ref idref="oc-21d"/>
      </symbol>
      <symbol id="sm-bd4">
         <name>ADC14_setSampleHoldTrigger</name>
         <value>0x6245</value>
         <object_component_ref idref="oc-223"/>
      </symbol>
      <symbol id="sm-bd5">
         <name>ADC14_configureConversionMemory</name>
         <value>0x4d2d</value>
         <object_component_ref idref="oc-235"/>
      </symbol>
      <symbol id="sm-bd6">
         <name>ADC14_enableModule</name>
         <value>0x6fd5</value>
         <object_component_ref idref="oc-217"/>
      </symbol>
      <symbol id="sm-bd7">
         <name>ADC14_getResult</name>
         <value>0x6a95</value>
         <object_component_ref idref="oc-253"/>
      </symbol>
      <symbol id="sm-c06">
         <name>CS_setDCOCenteredFrequency</name>
         <value>0x67c5</value>
         <object_component_ref idref="oc-128"/>
      </symbol>
      <symbol id="sm-c07">
         <name>CS_initClockSignal</name>
         <value>0x3f41</value>
         <object_component_ref idref="oc-12e"/>
      </symbol>
      <symbol id="sm-c16">
         <name>FlashCtl_setWaitState</name>
         <value>0x628d</value>
         <object_component_ref idref="oc-122"/>
      </symbol>
      <symbol id="sm-caf">
         <name>GPIO_setOutputHighOnPin</name>
         <value>0x6b0d</value>
         <object_component_ref idref="oc-395"/>
      </symbol>
      <symbol id="sm-cb0">
         <name>GPIO_setAsInputPinWithPullUpResistor</name>
         <value>0x5e11</value>
         <object_component_ref idref="oc-3a9"/>
      </symbol>
      <symbol id="sm-cb1">
         <name>GPIO_getInterruptStatus</name>
         <value>0x6bfd</value>
         <object_component_ref idref="oc-3da"/>
      </symbol>
      <symbol id="sm-cb2">
         <name>GPIO_enableInterrupt</name>
         <value>0x6ae5</value>
         <object_component_ref idref="oc-3b5"/>
      </symbol>
      <symbol id="sm-cb3">
         <name>GPIO_getEnabledInterruptStatus</name>
         <value>0x53b9</value>
         <object_component_ref idref="oc-161"/>
      </symbol>
      <symbol id="sm-cb4">
         <name>GPIO_setAsOutputPin</name>
         <value>0x64bd</value>
         <object_component_ref idref="oc-38f"/>
      </symbol>
      <symbol id="sm-cb5">
         <name>GPIO_interruptEdgeSelect</name>
         <value>0x663d</value>
         <object_component_ref idref="oc-3af"/>
      </symbol>
      <symbol id="sm-cb6">
         <name>GPIO_setOutputLowOnPin</name>
         <value>0x6b35</value>
         <object_component_ref idref="oc-39b"/>
      </symbol>
      <symbol id="sm-cb7">
         <name>GPIO_clearInterruptFlag</name>
         <value>0x6abd</value>
         <object_component_ref idref="oc-167"/>
      </symbol>
      <symbol id="sm-cb8">
         <name>GPIO_toggleOutputOnPin</name>
         <value>0x6b5d</value>
         <object_component_ref idref="oc-3a1"/>
      </symbol>
      <symbol id="sm-cb9">
         <name>GPIO_setAsPeripheralModuleFunctionOutputPin</name>
         <value>0x5225</value>
         <object_component_ref idref="oc-2b0"/>
      </symbol>
      <symbol id="sm-cba">
         <name>GPIO_setAsPeripheralModuleFunctionInputPin</name>
         <value>0x519d</value>
         <object_component_ref idref="oc-229"/>
      </symbol>
      <symbol id="sm-d5e">
         <name>I2C_masterSendMultiByteStop</name>
         <value>0x6679</value>
         <object_component_ref idref="oc-2e6"/>
      </symbol>
      <symbol id="sm-d5f">
         <name>I2C_masterSendMultiByteFinish</name>
         <value>0x57d9</value>
         <object_component_ref idref="oc-304"/>
      </symbol>
      <symbol id="sm-d60">
         <name>I2C_masterSendMultiByteNext</name>
         <value>0x67f9</value>
         <object_component_ref idref="oc-2fe"/>
      </symbol>
      <symbol id="sm-d61">
         <name>I2C_masterSendMultiByteStart</name>
         <value>0x58ad</value>
         <object_component_ref idref="oc-2da"/>
      </symbol>
      <symbol id="sm-d62">
         <name>I2C_masterReceiveMultiByteNext</name>
         <value>0x6ebb</value>
         <object_component_ref idref="oc-2f2"/>
      </symbol>
      <symbol id="sm-d63">
         <name>I2C_getInterruptStatus</name>
         <value>0x6d93</value>
         <object_component_ref idref="oc-2e0"/>
      </symbol>
      <symbol id="sm-d64">
         <name>I2C_setMode</name>
         <value>0x6c83</value>
         <object_component_ref idref="oc-2c8"/>
      </symbol>
      <symbol id="sm-d65">
         <name>I2C_isBusBusy</name>
         <value>0x6dad</value>
         <object_component_ref idref="oc-2d4"/>
      </symbol>
      <symbol id="sm-d66">
         <name>I2C_masterReceiveMultiByteFinish</name>
         <value>0x653d</value>
         <object_component_ref idref="oc-2f8"/>
      </symbol>
      <symbol id="sm-d67">
         <name>I2C_enableModule</name>
         <value>0x6e79</value>
         <object_component_ref idref="oc-2c2"/>
      </symbol>
      <symbol id="sm-d68">
         <name>I2C_masterReceiveStart</name>
         <value>0x6d5f</value>
         <object_component_ref idref="oc-2ec"/>
      </symbol>
      <symbol id="sm-d69">
         <name>I2C_clearInterruptFlag</name>
         <value>0x6e4d</value>
         <object_component_ref idref="oc-2ce"/>
      </symbol>
      <symbol id="sm-d6a">
         <name>I2C_setSlaveAddress</name>
         <value>0x6ecf</value>
         <object_component_ref idref="oc-30a"/>
      </symbol>
      <symbol id="sm-d6b">
         <name>I2C_initMaster</name>
         <value>0x5b7d</value>
         <object_component_ref idref="oc-2b6"/>
      </symbol>
      <symbol id="sm-d6c">
         <name>I2C_disableModule</name>
         <value>0x6e63</value>
         <object_component_ref idref="oc-2bc"/>
      </symbol>
      <symbol id="sm-d9b">
         <name>Interrupt_disableMaster</name>
         <value>0x6f69</value>
         <object_component_ref idref="oc-116"/>
      </symbol>
      <symbol id="sm-d9c">
         <name>Interrupt_enableMaster</name>
         <value>0x6f79</value>
         <object_component_ref idref="oc-b9"/>
      </symbol>
      <symbol id="sm-d9d">
         <name>Interrupt_enableInterrupt</name>
         <value>0x543d</value>
         <object_component_ref idref="oc-3bb"/>
      </symbol>
      <symbol id="sm-e1b">
         <name>PCM_setCoreVoltageLevel</name>
         <value>0x6f89</value>
         <object_component_ref idref="oc-11c"/>
      </symbol>
      <symbol id="sm-e1c">
         <name>PCM_getCoreVoltageLevel</name>
         <value>0x5ca1</value>
         <object_component_ref idref="oc-4e7"/>
      </symbol>
      <symbol id="sm-e1d">
         <name>PCM_getPowerMode</name>
         <value>0x5d5d</value>
         <object_component_ref idref="oc-4e1"/>
      </symbol>
      <symbol id="sm-e1e">
         <name>PCM_getPowerState</name>
         <value>0x6ee5</value>
         <object_component_ref idref="oc-4ed"/>
      </symbol>
      <symbol id="sm-e1f">
         <name>PCM_setPowerMode</name>
         <value>0x6f99</value>
         <object_component_ref idref="oc-4f3"/>
      </symbol>
      <symbol id="sm-e5f">
         <name>EUSCI_B_SPI_enable</name>
         <value>0x6e0b</value>
         <object_component_ref idref="oc-6c8"/>
      </symbol>
      <symbol id="sm-e60">
         <name>SPI_enableModule</name>
         <value>0x6c9f</value>
         <object_component_ref idref="oc-634"/>
      </symbol>
      <symbol id="sm-e61">
         <name>EUSCI_A_SPI_enable</name>
         <value>0x6df5</value>
         <object_component_ref idref="oc-6c2"/>
      </symbol>
      <symbol id="sm-e62">
         <name>SPI_initMaster</name>
         <value>0x4e93</value>
         <object_component_ref idref="oc-62e"/>
      </symbol>
      <symbol id="sm-e9d">
         <name>Timer32_startTimer</name>
         <value>0x66b1</value>
         <object_component_ref idref="oc-36a"/>
      </symbol>
      <symbol id="sm-e9e">
         <name>Timer32_setCount</name>
         <value>0x682d</value>
         <object_component_ref idref="oc-364"/>
      </symbol>
      <symbol id="sm-e9f">
         <name>Timer32_getValue</name>
         <value>0x6fa9</value>
         <object_component_ref idref="oc-370"/>
      </symbol>
      <symbol id="sm-ea0">
         <name>Timer32_haltTimer</name>
         <value>0x6ef9</value>
         <object_component_ref idref="oc-376"/>
      </symbol>
      <symbol id="sm-ea1">
         <name>Timer32_initModule</name>
         <value>0x5915</value>
         <object_component_ref idref="oc-35e"/>
      </symbol>
      <symbol id="sm-ee9">
         <name>Timer_A_initCompare</name>
         <value>0x6111</value>
         <object_component_ref idref="oc-15b"/>
      </symbol>
      <symbol id="sm-eea">
         <name>Timer_A_generatePWM</name>
         <value>0x5539</value>
         <object_component_ref idref="oc-259"/>
      </symbol>
      <symbol id="sm-eeb">
         <name>Timer_A_startCounter</name>
         <value>0x6e8f</value>
         <object_component_ref idref="oc-358"/>
      </symbol>
      <symbol id="sm-eec">
         <name>Timer_A_configureUpMode</name>
         <value>0x597d</value>
         <object_component_ref idref="oc-352"/>
      </symbol>
      <symbol id="sm-ef8">
         <name>WDT_A_holdTimer</name>
         <value>0x6c21</value>
         <object_component_ref idref="oc-b3"/>
      </symbol>
      <symbol id="sm-f0a">
         <name>CPU_cpsie</name>
         <value>0x6fed</value>
         <object_component_ref idref="oc-1ee"/>
      </symbol>
      <symbol id="sm-f0b">
         <name>CPU_cpsid</name>
         <value>0x6fe1</value>
         <object_component_ref idref="oc-314"/>
      </symbol>
      <symbol id="sm-f3d">
         <name>Graphics_setBackgroundColor</name>
         <value>0x6d2b</value>
         <object_component_ref idref="oc-336"/>
      </symbol>
      <symbol id="sm-f3e">
         <name>Graphics_setFont</name>
         <value>0x6d45</value>
         <object_component_ref idref="oc-33c"/>
      </symbol>
      <symbol id="sm-f3f">
         <name>Graphics_initContext</name>
         <value>0x606d</value>
         <object_component_ref idref="oc-330"/>
      </symbol>
      <symbol id="sm-f40">
         <name>Graphics_setForegroundColor</name>
         <value>0x6e21</value>
         <object_component_ref idref="oc-eb"/>
      </symbol>
      <symbol id="sm-f41">
         <name>Graphics_clearDisplay</name>
         <value>0x6f35</value>
         <object_component_ref idref="oc-342"/>
      </symbol>
      <symbol id="sm-f6e">
         <name>Graphics_clearDisplayOnDisplay</name>
         <value>0x6d11</value>
         <object_component_ref idref="oc-510"/>
      </symbol>
      <symbol id="sm-f6f">
         <name>Graphics_drawPixelOnDisplay</name>
         <value>0x6a15</value>
         <object_component_ref idref="oc-421"/>
      </symbol>
      <symbol id="sm-f70">
         <name>Graphics_translateColorOnDisplay</name>
         <value>0x6e37</value>
         <object_component_ref idref="oc-264"/>
      </symbol>
      <symbol id="sm-f71">
         <name>Graphics_drawHorizontalLineOnDisplay</name>
         <value>0x6759</value>
         <object_component_ref idref="oc-590"/>
      </symbol>
      <symbol id="sm-f72">
         <name>Graphics_fillRectangleOnDisplay</name>
         <value>0x6c65</value>
         <object_component_ref idref="oc-26c"/>
      </symbol>
      <symbol id="sm-f84">
         <name>g_sFontFixed6x8</name>
         <value>0x7bf8</value>
         <object_component_ref idref="oc-34e"/>
      </symbol>
      <symbol id="sm-f9b">
         <name>Graphics_fillRectangle</name>
         <value>0x43c1</value>
         <object_component_ref idref="oc-f1"/>
      </symbol>
      <symbol id="sm-ff3">
         <name>Graphics_drawStringCentered</name>
         <value>0x62d5</value>
         <object_component_ref idref="oc-bf"/>
      </symbol>
      <symbol id="sm-ff4">
         <name>Graphics_drawString</name>
         <value>0x21a9</value>
         <object_component_ref idref="oc-1fb"/>
      </symbol>
      <symbol id="sm-ff5">
         <name>Graphics_getStringWidth</name>
         <value>0x48e9</value>
         <object_component_ref idref="oc-1f5"/>
      </symbol>
      <symbol id="sm-1008">
         <name>Graphics_drawLineH</name>
         <value>0x4f43</value>
         <object_component_ref idref="oc-41b"/>
      </symbol>
      <symbol id="sm-1009">
         <name>__TI_static_base__</name>
         <value>0x0</value>
      </symbol>
      <symbol id="sm-100c">
         <name>__mpu_init</name>
         <value>0x0</value>
      </symbol>
      <symbol id="sm-100d">
         <name>_system_post_cinit</name>
         <value>0x0</value>
      </symbol>
      <symbol id="sm-100e">
         <name>NMI_Handler</name>
         <value>0x6fd1</value>
      </symbol>
      <symbol id="sm-100f">
         <name>HardFault_Handler</name>
         <value>0x6fd1</value>
      </symbol>
      <symbol id="sm-1010">
         <name>MemManage_Handler</name>
         <value>0x6fd1</value>
      </symbol>
      <symbol id="sm-1011">
         <name>BusFault_Handler</name>
         <value>0x6fd1</value>
      </symbol>
      <symbol id="sm-1012">
         <name>UsageFault_Handler</name>
         <value>0x6fd1</value>
      </symbol>
      <symbol id="sm-1013">
         <name>SVC_Handler</name>
         <value>0x6fd1</value>
      </symbol>
      <symbol id="sm-1014">
         <name>DebugMon_Handler</name>
         <value>0x6fd1</value>
      </symbol>
      <symbol id="sm-1015">
         <name>PendSV_Handler</name>
         <value>0x6fd1</value>
      </symbol>
      <symbol id="sm-1016">
         <name>SysTick_Handler</name>
         <value>0x6fd1</value>
      </symbol>
      <symbol id="sm-1017">
         <name>PSS_IRQHandler</name>
         <value>0x6fd1</value>
      </symbol>
      <symbol id="sm-1018">
         <name>CS_IRQHandler</name>
         <value>0x6fd1</value>
      </symbol>
      <symbol id="sm-1019">
         <name>PCM_IRQHandler</name>
         <value>0x6fd1</value>
      </symbol>
      <symbol id="sm-101a">
         <name>WDT_A_IRQHandler</name>
         <value>0x6fd1</value>
      </symbol>
      <symbol id="sm-101b">
         <name>FPU_IRQHandler</name>
         <value>0x6fd1</value>
      </symbol>
      <symbol id="sm-101c">
         <name>FLCTL_IRQHandler</name>
         <value>0x6fd1</value>
      </symbol>
      <symbol id="sm-101d">
         <name>COMP_E0_IRQHandler</name>
         <value>0x6fd1</value>
      </symbol>
      <symbol id="sm-101e">
         <name>COMP_E1_IRQHandler</name>
         <value>0x6fd1</value>
      </symbol>
      <symbol id="sm-101f">
         <name>TA0_0_IRQHandler</name>
         <value>0x6fd1</value>
      </symbol>
      <symbol id="sm-1020">
         <name>TA0_N_IRQHandler</name>
         <value>0x6fd1</value>
      </symbol>
      <symbol id="sm-1021">
         <name>TA1_0_IRQHandler</name>
         <value>0x6fd1</value>
      </symbol>
      <symbol id="sm-1022">
         <name>TA1_N_IRQHandler</name>
         <value>0x6fd1</value>
      </symbol>
      <symbol id="sm-1023">
         <name>TA2_0_IRQHandler</name>
         <value>0x6fd1</value>
      </symbol>
      <symbol id="sm-1024">
         <name>TA2_N_IRQHandler</name>
         <value>0x6fd1</value>
      </symbol>
      <symbol id="sm-1025">
         <name>TA3_0_IRQHandler</name>
         <value>0x6fd1</value>
      </symbol>
      <symbol id="sm-1026">
         <name>TA3_N_IRQHandler</name>
         <value>0x6fd1</value>
      </symbol>
      <symbol id="sm-1027">
         <name>EUSCIA0_IRQHandler</name>
         <value>0x6fd1</value>
      </symbol>
      <symbol id="sm-1028">
         <name>EUSCIA1_IRQHandler</name>
         <value>0x6fd1</value>
      </symbol>
      <symbol id="sm-1029">
         <name>EUSCIA2_IRQHandler</name>
         <value>0x6fd1</value>
      </symbol>
      <symbol id="sm-102a">
         <name>EUSCIA3_IRQHandler</name>
         <value>0x6fd1</value>
      </symbol>
      <symbol id="sm-102b">
         <name>EUSCIB0_IRQHandler</name>
         <value>0x6fd1</value>
      </symbol>
      <symbol id="sm-102c">
         <name>EUSCIB1_IRQHandler</name>
         <value>0x6fd1</value>
      </symbol>
      <symbol id="sm-102d">
         <name>EUSCIB2_IRQHandler</name>
         <value>0x6fd1</value>
      </symbol>
      <symbol id="sm-102e">
         <name>EUSCIB3_IRQHandler</name>
         <value>0x6fd1</value>
      </symbol>
      <symbol id="sm-102f">
         <name>ADC14_IRQHandler</name>
         <value>0x6fd1</value>
      </symbol>
      <symbol id="sm-1030">
         <name>T32_INT1_IRQHandler</name>
         <value>0x6fd1</value>
      </symbol>
      <symbol id="sm-1031">
         <name>T32_INT2_IRQHandler</name>
         <value>0x6fd1</value>
      </symbol>
      <symbol id="sm-1032">
         <name>T32_INTC_IRQHandler</name>
         <value>0x6fd1</value>
      </symbol>
      <symbol id="sm-1033">
         <name>AES256_IRQHandler</name>
         <value>0x6fd1</value>
      </symbol>
      <symbol id="sm-1034">
         <name>RTC_C_IRQHandler</name>
         <value>0x6fd1</value>
      </symbol>
      <symbol id="sm-1035">
         <name>DMA_ERR_IRQHandler</name>
         <value>0x6fd1</value>
      </symbol>
      <symbol id="sm-1036">
         <name>DMA_INT3_IRQHandler</name>
         <value>0x6fd1</value>
      </symbol>
      <symbol id="sm-1037">
         <name>DMA_INT2_IRQHandler</name>
         <value>0x6fd1</value>
      </symbol>
      <symbol id="sm-1038">
         <name>DMA_INT1_IRQHandler</name>
         <value>0x6fd1</value>
      </symbol>
      <symbol id="sm-1039">
         <name>DMA_INT0_IRQHandler</name>
         <value>0x6fd1</value>
      </symbol>
      <symbol id="sm-103a">
         <name>PORT1_IRQHandler</name>
         <value>0x6fd1</value>
      </symbol>
      <symbol id="sm-103b">
         <name>PORT2_IRQHandler</name>
         <value>0x6fd1</value>
      </symbol>
      <symbol id="sm-103c">
         <name>PORT3_IRQHandler</name>
         <value>0x20cf</value>
      </symbol>
      <symbol id="sm-103d">
         <name>PORT4_IRQHandler</name>
         <value>0x6fd1</value>
      </symbol>
      <symbol id="sm-103e">
         <name>PORT5_IRQHandler</name>
         <value>0x2099</value>
      </symbol>
      <symbol id="sm-103f">
         <name>PORT6_IRQHandler</name>
         <value>0x6fd1</value>
      </symbol>
      <symbol id="sm-1040">
         <name>remove</name>
         <value>0x6a41</value>
      </symbol>
   </symbol_table>
   <title>Link successful</title>
</link_info>
